main.c:169:5:main	32	static
main.c:274:6:SystemClock_Config	104	static
main.c:325:13:MX_ADC1_Init	24	static
main.c:375:13:MX_ADC2_Init	24	static
main.c:425:13:MX_I2C1_Init	8	static
main.c:459:13:MX_I2S3_Init	8	static
main.c:493:13:MX_SPI1_Init	8	static
main.c:531:13:MX_GPIO_Init	56	static
main.c:629:6:StartDefaultTask	16	static
main.c:649:6:StartTaskSensor1	112	static
main.c:682:6:StartTaskLoRa	24	static
main.c:708:6:StartTaskSensor2	112	static
main.c:739:6:StartTaskLEDs	128	static
main.c:797:6:Error_Handler	4	static
