Archive member included to satisfy reference by file (symbol)

d:/st/stm32cubeide_1.3.0/stm32cubeide/plugins/com.st.stm32cube.ide.mcu.externaltools.gnu-tools-for-stm32.7-2018-q2-update.win32_1.0.0.201904181610/tools/bin/../lib/gcc/arm-none-eabi/7.3.1/../../../../arm-none-eabi/lib/thumb/v7e-m/fpv4-sp/hard\libc_nano.a(lib_a-errno.o)
                              Core/Src/syscalls.o (__errno)
d:/st/stm32cubeide_1.3.0/stm32cubeide/plugins/com.st.stm32cube.ide.mcu.externaltools.gnu-tools-for-stm32.7-2018-q2-update.win32_1.0.0.201904181610/tools/bin/../lib/gcc/arm-none-eabi/7.3.1/../../../../arm-none-eabi/lib/thumb/v7e-m/fpv4-sp/hard\libc_nano.a(lib_a-exit.o)
                              d:/st/stm32cubeide_1.3.0/stm32cubeide/plugins/com.st.stm32cube.ide.mcu.externaltools.gnu-tools-for-stm32.7-2018-q2-update.win32_1.0.0.201904181610/tools/bin/../lib/gcc/arm-none-eabi/7.3.1/../../../../arm-none-eabi/lib/thumb/v7e-m/fpv4-sp/hard/crt0.o (exit)
d:/st/stm32cubeide_1.3.0/stm32cubeide/plugins/com.st.stm32cube.ide.mcu.externaltools.gnu-tools-for-stm32.7-2018-q2-update.win32_1.0.0.201904181610/tools/bin/../lib/gcc/arm-none-eabi/7.3.1/../../../../arm-none-eabi/lib/thumb/v7e-m/fpv4-sp/hard\libc_nano.a(lib_a-impure.o)
                              d:/st/stm32cubeide_1.3.0/stm32cubeide/plugins/com.st.stm32cube.ide.mcu.externaltools.gnu-tools-for-stm32.7-2018-q2-update.win32_1.0.0.201904181610/tools/bin/../lib/gcc/arm-none-eabi/7.3.1/../../../../arm-none-eabi/lib/thumb/v7e-m/fpv4-sp/hard\libc_nano.a(lib_a-exit.o) (_global_impure_ptr)
d:/st/stm32cubeide_1.3.0/stm32cubeide/plugins/com.st.stm32cube.ide.mcu.externaltools.gnu-tools-for-stm32.7-2018-q2-update.win32_1.0.0.201904181610/tools/bin/../lib/gcc/arm-none-eabi/7.3.1/../../../../arm-none-eabi/lib/thumb/v7e-m/fpv4-sp/hard\libc_nano.a(lib_a-init.o)
                              d:/st/stm32cubeide_1.3.0/stm32cubeide/plugins/com.st.stm32cube.ide.mcu.externaltools.gnu-tools-for-stm32.7-2018-q2-update.win32_1.0.0.201904181610/tools/bin/../lib/gcc/arm-none-eabi/7.3.1/../../../../arm-none-eabi/lib/thumb/v7e-m/fpv4-sp/hard/crt0.o (__libc_init_array)
d:/st/stm32cubeide_1.3.0/stm32cubeide/plugins/com.st.stm32cube.ide.mcu.externaltools.gnu-tools-for-stm32.7-2018-q2-update.win32_1.0.0.201904181610/tools/bin/../lib/gcc/arm-none-eabi/7.3.1/../../../../arm-none-eabi/lib/thumb/v7e-m/fpv4-sp/hard\libc_nano.a(lib_a-malloc.o)
                              Core/Src/fsm.o (malloc)
d:/st/stm32cubeide_1.3.0/stm32cubeide/plugins/com.st.stm32cube.ide.mcu.externaltools.gnu-tools-for-stm32.7-2018-q2-update.win32_1.0.0.201904181610/tools/bin/../lib/gcc/arm-none-eabi/7.3.1/../../../../arm-none-eabi/lib/thumb/v7e-m/fpv4-sp/hard\libc_nano.a(lib_a-memcpy-stub.o)
                              Middlewares/Third_Party/FreeRTOS/Source/CMSIS_RTOS_V2/cmsis_os2.o (memcpy)
d:/st/stm32cubeide_1.3.0/stm32cubeide/plugins/com.st.stm32cube.ide.mcu.externaltools.gnu-tools-for-stm32.7-2018-q2-update.win32_1.0.0.201904181610/tools/bin/../lib/gcc/arm-none-eabi/7.3.1/../../../../arm-none-eabi/lib/thumb/v7e-m/fpv4-sp/hard\libc_nano.a(lib_a-memset.o)
                              d:/st/stm32cubeide_1.3.0/stm32cubeide/plugins/com.st.stm32cube.ide.mcu.externaltools.gnu-tools-for-stm32.7-2018-q2-update.win32_1.0.0.201904181610/tools/bin/../lib/gcc/arm-none-eabi/7.3.1/../../../../arm-none-eabi/lib/thumb/v7e-m/fpv4-sp/hard/crt0.o (memset)
d:/st/stm32cubeide_1.3.0/stm32cubeide/plugins/com.st.stm32cube.ide.mcu.externaltools.gnu-tools-for-stm32.7-2018-q2-update.win32_1.0.0.201904181610/tools/bin/../lib/gcc/arm-none-eabi/7.3.1/../../../../arm-none-eabi/lib/thumb/v7e-m/fpv4-sp/hard\libc_nano.a(lib_a-nano-freer.o)
                              d:/st/stm32cubeide_1.3.0/stm32cubeide/plugins/com.st.stm32cube.ide.mcu.externaltools.gnu-tools-for-stm32.7-2018-q2-update.win32_1.0.0.201904181610/tools/bin/../lib/gcc/arm-none-eabi/7.3.1/../../../../arm-none-eabi/lib/thumb/v7e-m/fpv4-sp/hard\libc_nano.a(lib_a-malloc.o) (_free_r)
d:/st/stm32cubeide_1.3.0/stm32cubeide/plugins/com.st.stm32cube.ide.mcu.externaltools.gnu-tools-for-stm32.7-2018-q2-update.win32_1.0.0.201904181610/tools/bin/../lib/gcc/arm-none-eabi/7.3.1/../../../../arm-none-eabi/lib/thumb/v7e-m/fpv4-sp/hard\libc_nano.a(lib_a-nano-mallocr.o)
                              d:/st/stm32cubeide_1.3.0/stm32cubeide/plugins/com.st.stm32cube.ide.mcu.externaltools.gnu-tools-for-stm32.7-2018-q2-update.win32_1.0.0.201904181610/tools/bin/../lib/gcc/arm-none-eabi/7.3.1/../../../../arm-none-eabi/lib/thumb/v7e-m/fpv4-sp/hard\libc_nano.a(lib_a-malloc.o) (_malloc_r)
d:/st/stm32cubeide_1.3.0/stm32cubeide/plugins/com.st.stm32cube.ide.mcu.externaltools.gnu-tools-for-stm32.7-2018-q2-update.win32_1.0.0.201904181610/tools/bin/../lib/gcc/arm-none-eabi/7.3.1/../../../../arm-none-eabi/lib/thumb/v7e-m/fpv4-sp/hard\libc_nano.a(lib_a-sbrkr.o)
[...]
Memory Configuration

Name             Origin             Length             Attributes
CCMRAM           0x0000000010000000 0x0000000000010000 xrw
RAM              0x0000000020000000 0x0000000000020000 xrw
FLASH            0x0000000008000000 0x0000000000100000 xr
*default*        0x0000000000000000 0xffffffffffffffff

Linker script and memory map

LOAD d:/st/stm32cubeide_1.3.0/stm32cubeide/plugins/com.st.stm32cube.ide.mcu.externaltools.gnu-tools-for-stm32.7-2018-q2-update.win32_1.0.0.201904181610/tools/bin/../lib/gcc/arm-none-eabi/7.3.1/thumb/v7e-m/fpv4-sp/hard/crti.o
LOAD d:/st/stm32cubeide_1.3.0/stm32cubeide/plugins/com.st.stm32cube.ide.mcu.externaltools.gnu-tools-for-stm32.7-2018-q2-update.win32_1.0.0.201904181610/tools/bin/../lib/gcc/arm-none-eabi/7.3.1/thumb/v7e-m/fpv4-sp/hard/crtbegin.o
LOAD d:/st/stm32cubeide_1.3.0/stm32cubeide/plugins/com.st.stm32cube.ide.mcu.externaltools.gnu-tools-for-stm32.7-2018-q2-update.win32_1.0.0.201904181610/tools/bin/../lib/gcc/arm-none-eabi/7.3.1/../../../../arm-none-eabi/lib/thumb/v7e-m/fpv4-sp/hard/crt0.o
LOAD Core/Src/LoRa_comm.o
LOAD Core/Src/freertos.o
LOAD Core/Src/fsm.o
LOAD Core/Src/fsm_sensor.o
LOAD Core/Src/main.o
LOAD Core/Src/ring_buf.o
LOAD Core/Src/stm32f4xx_hal_msp.o
LOAD Core/Src/stm32f4xx_it.o
LOAD Core/Src/syscalls.o
LOAD Core/Src/sysmem.o
LOAD Core/Src/system_stm32f4xx.o
LOAD Core/Startup/startup_stm32f407vgtx.o
LOAD Drivers/STM32F4xx_HAL_Driver/Src/stm32f4xx_hal.o
LOAD Drivers/STM32F4xx_HAL_Driver/Src/stm32f4xx_hal_adc.o
LOAD Drivers/STM32F4xx_HAL_Driver/Src/stm32f4xx_hal_adc_ex.o
LOAD Drivers/STM32F4xx_HAL_Driver/Src/stm32f4xx_hal_cortex.o
LOAD Drivers/STM32F4xx_HAL_Driver/Src/stm32f4xx_hal_dma.o
LOAD Drivers/STM32F4xx_HAL_Driver/Src/stm32f4xx_hal_dma_ex.o
LOAD Drivers/STM32F4xx_HAL_Driver/Src/stm32f4xx_hal_exti.o
LOAD Drivers/STM32F4xx_HAL_Driver/Src/stm32f4xx_hal_flash.o
LOAD Drivers/STM32F4xx_HAL_Driver/Src/stm32f4xx_hal_flash_ex.o
LOAD Drivers/STM32F4xx_HAL_Driver/Src/stm32f4xx_hal_flash_ramfunc.o
LOAD Drivers/STM32F4xx_HAL_Driver/Src/stm32f4xx_hal_gpio.o
LOAD Drivers/STM32F4xx_HAL_Driver/Src/stm32f4xx_hal_hcd.o
LOAD Drivers/STM32F4xx_HAL_Driver/Src/stm32f4xx_hal_i2c.o
LOAD Drivers/STM32F4xx_HAL_Driver/Src/stm32f4xx_hal_i2c_ex.o
LOAD Drivers/STM32F4xx_HAL_Driver/Src/stm32f4xx_hal_i2s.o
LOAD Drivers/STM32F4xx_HAL_Driver/Src/stm32f4xx_hal_i2s_ex.o
LOAD Drivers/STM32F4xx_HAL_Driver/Src/stm32f4xx_hal_pwr.o
LOAD Drivers/STM32F4xx_HAL_Driver/Src/stm32f4xx_hal_pwr_ex.o
LOAD Drivers/STM32F4xx_HAL_Driver/Src/stm32f4xx_hal_rcc.o
LOAD Drivers/STM32F4xx_HAL_Driver/Src/stm32f4xx_hal_rcc_ex.o
LOAD Drivers/STM32F4xx_HAL_Driver/Src/stm32f4xx_hal_spi.o
LOAD Drivers/STM32F4xx_HAL_Driver/Src/stm32f4xx_hal_tim.o
LOAD Drivers/STM32F4xx_HAL_Driver/Src/stm32f4xx_hal_tim_ex.o
LOAD Drivers/STM32F4xx_HAL_Driver/Src/stm32f4xx_ll_usb.o
LOAD Middlewares/ST/STM32_USB_Host_Library/Class/CDC/Src/usbh_cdc.o
LOAD Middlewares/ST/STM32_USB_Host_Library/Core/Src/usbh_core.o
LOAD Middlewares/ST/STM32_USB_Host_Library/Core/Src/usbh_ctlreq.o
LOAD Middlewares/ST/STM32_USB_Host_Library/Core/Src/usbh_ioreq.o
LOAD Middlewares/ST/STM32_USB_Host_Library/Core/Src/usbh_pipes.o
LOAD Middlewares/Third_Party/FreeRTOS/Source/CMSIS_RTOS_V2/cmsis_os2.o
LOAD Middlewares/Third_Party/FreeRTOS/Source/croutine.o
LOAD Middlewares/Third_Party/FreeRTOS/Source/event_groups.o
LOAD Middlewares/Third_Party/FreeRTOS/Source/list.o
LOAD Middlewares/Third_Party/FreeRTOS/Source/queue.o
LOAD Middlewares/Third_Party/FreeRTOS/Source/stream_buffer.o
LOAD Middlewares/Third_Party/FreeRTOS/Source/tasks.o
LOAD Middlewares/Third_Party/FreeRTOS/Source/timers.o
LOAD Middlewares/Third_Party/FreeRTOS/Source/portable/GCC/ARM_CM4F/port.o
LOAD Middlewares/Third_Party/FreeRTOS/Source/portable/MemMang/heap_4.o
LOAD USB_HOST/App/usb_host.o
LOAD USB_HOST/Target/usbh_conf.o
LOAD USB_HOST/Target/usbh_platform.o
START GROUP
LOAD d:/st/stm32cubeide_1.3.0/stm32cubeide/plugins/com.st.stm32cube.ide.mcu.externaltools.gnu-tools-for-stm32.7-2018-q2-update.win32_1.0.0.201904181610/tools/bin/../lib/gcc/arm-none-eabi/7.3.1/../../../../arm-none-eabi/lib/thumb/v7e-m/fpv4-sp/hard\libc_nano.a
LOAD d:/st/stm32cubeide_1.3.0/stm32cubeide/plugins/com.st.stm32cube.ide.mcu.externaltools.gnu-tools-for-stm32.7-2018-q2-update.win32_1.0.0.201904181610/tools/bin/../lib/gcc/arm-none-eabi/7.3.1/../../../../arm-none-eabi/lib/thumb/v7e-m/fpv4-sp/hard\libm.a
END GROUP
START GROUP
LOAD d:/st/stm32cubeide_1.3.0/stm32cubeide/plugins/com.st.stm32cube.ide.mcu.externaltools.gnu-tools-for-stm32.7-2018-q2-update.win32_1.0.0.201904181610/tools/bin/../lib/gcc/arm-none-eabi/7.3.1/thumb/v7e-m/fpv4-sp/hard\libgcc.a
LOAD d:/st/stm32cubeide_1.3.0/stm32cubeide/plugins/com.st.stm32cube.ide.mcu.externaltools.gnu-tools-for-stm32.7-2018-q2-update.win32_1.0.0.201904181610/tools/bin/../lib/gcc/arm-none-eabi/7.3.1/../../../../arm-none-eabi/lib/thumb/v7e-m/fpv4-sp/hard\libc_nano.a
END GROUP
START GROUP
LOAD d:/st/stm32cubeide_1.3.0/stm32cubeide/plugins/com.st.stm32cube.ide.mcu.externaltools.gnu-tools-for-stm32.7-2018-q2-update.win32_1.0.0.201904181610/tools/bin/../lib/gcc/arm-none-eabi/7.3.1/thumb/v7e-m/fpv4-sp/hard\libgcc.a
LOAD d:/st/stm32cubeide_1.3.0/stm32cubeide/plugins/com.st.stm32cube.ide.mcu.externaltools.gnu-tools-for-stm32.7-2018-q2-update.win32_1.0.0.201904181610/tools/bin/../lib/gcc/arm-none-eabi/7.3.1/../../../../arm-none-eabi/lib/thumb/v7e-m/fpv4-sp/hard\libc_nano.a
LOAD d:/st/stm32cubeide_1.3.0/stm32cubeide/plugins/com.st.stm32cube.ide.mcu.externaltools.gnu-tools-for-stm32.7-2018-q2-update.win32_1.0.0.201904181610/tools/bin/../lib/gcc/arm-none-eabi/7.3.1/../../../../arm-none-eabi/lib/thumb/v7e-m/fpv4-sp/hard\libnosys.a
END GROUP
START GROUP
LOAD d:/st/stm32cubeide_1.3.0/stm32cubeide/plugins/com.st.stm32cube.ide.mcu.externaltools.gnu-tools-for-stm32.7-2018-q2-update.win32_1.0.0.201904181610/tools/bin/../lib/gcc/arm-none-eabi/7.3.1/thumb/v7e-m/fpv4-sp/hard\libgcc.a
LOAD d:/st/stm32cubeide_1.3.0/stm32cubeide/plugins/com.st.stm32cube.ide.mcu.externaltools.gnu-tools-for-stm32.7-2018-q2-update.win32_1.0.0.201904181610/tools/bin/../lib/gcc/arm-none-eabi/7.3.1/../../../../arm-none-eabi/lib/thumb/v7e-m/fpv4-sp/hard\libc_nano.a
LOAD d:/st/stm32cubeide_1.3.0/stm32cubeide/plugins/com.st.stm32cube.ide.mcu.externaltools.gnu-tools-for-stm32.7-2018-q2-update.win32_1.0.0.201904181610/tools/bin/../lib/gcc/arm-none-eabi/7.3.1/../../../../arm-none-eabi/lib/thumb/v7e-m/fpv4-sp/hard\libnosys.a
END GROUP
LOAD d:/st/stm32cubeide_1.3.0/stm32cubeide/plugins/com.st.stm32cube.ide.mcu.externaltools.gnu-tools-for-stm32.7-2018-q2-update.win32_1.0.0.201904181610/tools/bin/../lib/gcc/arm-none-eabi/7.3.1/thumb/v7e-m/fpv4-sp/hard/crtend.o
LOAD d:/st/stm32cubeide_1.3.0/stm32cubeide/plugins/com.st.stm32cube.ide.mcu.externaltools.gnu-tools-for-stm32.7-2018-q2-update.win32_1.0.0.201904181610/tools/bin/../lib/gcc/arm-none-eabi/7.3.1/thumb/v7e-m/fpv4-sp/hard/crtn.o
                0x0000000020020000                _estack = (ORIGIN (RAM) + LENGTH (RAM))
                0x0000000000000200                _Min_Heap_Size = 0x200
                0x0000000000000400                _Min_Stack_Size = 0x400

.isr_vector     0x0000000008000000      0x188
                0x0000000008000000                . = ALIGN (0x4)
 *(.isr_vector)
 .isr_vector    0x0000000008000000      0x188 Core/Startup/startup_stm32f407vgtx.o
                0x0000000008000000                g_pfnVectors
                0x0000000008000188                . = ALIGN (0x4)

.text           0x0000000008000190     0xc360
                0x0000000008000190                . = ALIGN (0x4)
 *(.text)
 .text          0x0000000008000190       0x40 d:/st/stm32cubeide_1.3.0/stm32cubeide/plugins/com.st.stm32cube.ide.mcu.externaltools.gnu-tools-for-stm32.7-2018-q2-update.win32_1.0.0.201904181610/tools/bin/../lib/gcc/arm-none-eabi/7.3.1/thumb/v7e-m/fpv4-sp/hard/crtbegin.o
 .text          0x00000000080001d0       0x30 d:/st/stm32cubeide_1.3.0/stm32cubeide/plugins/com.st.stm32cube.ide.mcu.externaltools.gnu-tools-for-stm32.7-2018-q2-update.win32_1.0.0.201904181610/tools/bin/../lib/gcc/arm-none-eabi/7.3.1/thumb/v7e-m/fpv4-sp/hard\libgcc.a(_aeabi_uldivmod.o)
                0x00000000080001d0                __aeabi_uldivmod
 .text          0x0000000008000200      0x2cc d:/st/stm32cubeide_1.3.0/stm32cubeide/plugins/com.st.stm32cube.ide.mcu.externaltools.gnu-tools-for-stm32.7-2018-q2-update.win32_1.0.0.201904181610/tools/bin/../lib/gcc/arm-none-eabi/7.3.1/thumb/v7e-m/fpv4-sp/hard\libgcc.a(_udivmoddi4.o)
                0x0000000008000200                __udivmoddi4
 .text          0x00000000080004cc        0x4 d:/st/stm32cubeide_1.3.0/stm32cubeide/plugins/com.st.stm32cube.ide.mcu.externaltools.gnu-tools-for-stm32.7-2018-q2-update.win32_1.0.0.201904181610/tools/bin/../lib/gcc/arm-none-eabi/7.3.1/thumb/v7e-m/fpv4-sp/hard\libgcc.a(_dvmd_tls.o)
                0x00000000080004cc                __aeabi_idiv0
                0x00000000080004cc                __aeabi_ldiv0
 *(.text*)
 .text.send_data
                0x00000000080004d0       0x1c Core/Src/LoRa_comm.o
                0x00000000080004d0                send_data
 .text.LoRa_initialization
                0x00000000080004ec       0x14 Core/Src/LoRa_comm.o
                0x00000000080004ec                LoRa_initialization
 .text.save_new_data
                0x0000000008000500       0x3c Core/Src/LoRa_comm.o
                0x0000000008000500                save_new_data
 .text.PreSleepProcessing
                0x000000000800053c       0x14 Core/Src/freertos.o
                0x000000000800053c                PreSleepProcessing
 .text.PostSleepProcessing
                0x0000000008000550       0x14 Core/Src/freertos.o
                0x0000000008000550                PostSleepProcessing
 .text.fsm_init
                0x0000000008000564       0x24 Core/Src/fsm.o
                0x0000000008000564                fsm_init
 .text.fsm_fire
                0x0000000008000588       0x5e Core/Src/fsm.o
                0x0000000008000588                fsm_fire
 .text.data_saved
                0x00000000080005e6       0x16 Core/Src/fsm_sensor.o
                0x00000000080005e6                data_saved
 .text.error    0x00000000080005fc       0x38 Core/Src/fsm_sensor.o
                0x00000000080005fc                error
 .text.no_error
                0x0000000008000634       0x38 Core/Src/fsm_sensor.o
                0x0000000008000634                no_error
 .text.timer_sleep
                0x000000000800066c       0x36 Core/Src/fsm_sensor.o
                0x000000000800066c                timer_sleep
 .text.timer_setup
                0x00000000080006a2       0x2e Core/Src/fsm_sensor.o
                0x00000000080006a2                timer_setup
 .text.warned   0x00000000080006d0       0x2c Core/Src/fsm_sensor.o
                0x00000000080006d0                warned
 .text.contador
                0x00000000080006fc       0x32 Core/Src/fsm_sensor.o
                0x00000000080006fc                contador
 .text.timer_measure
                0x000000000800072e       0x4c Core/Src/fsm_sensor.o
                0x000000000800072e                timer_measure
 .text.warning_limit
                0x000000000800077a       0x2c Core/Src/fsm_sensor.o
                0x000000000800077a                warning_limit
 *fill*         0x00000000080007a6        0x2 
 .text.measuring
                0x00000000080007a8       0x60 Core/Src/fsm_sensor.o
                0x00000000080007a8                measuring
 .text.process_data
                0x0000000008000808       0x60 Core/Src/fsm_sensor.o
                0x0000000008000808                process_data
 .text.alert    0x0000000008000868       0x28 Core/Src/fsm_sensor.o
                0x0000000008000868                alert
 .text.sleep    0x0000000008000890       0x60 Core/Src/fsm_sensor.o
                0x0000000008000890                sleep
 .text.setting_up
                0x00000000080008f0       0x6c Core/Src/fsm_sensor.o
                0x00000000080008f0                setting_up
 .text.save_data
                0x000000000800095c       0x54 Core/Src/fsm_sensor.o
                0x000000000800095c                save_data
 .text.fsm_sensor_init
                0x00000000080009b0       0x24 Core/Src/fsm_sensor.o
                0x00000000080009b0                fsm_sensor_init
 .text.sensor_initialization
                0x00000000080009d4       0xac Core/Src/fsm_sensor.o
                0x00000000080009d4                sensor_initialization
 .text.main     0x0000000008000a80       0xf4 Core/Src/main.o
                0x0000000008000a80                main
 .text.SystemClock_Config
                0x0000000008000b74      0x104 Core/Src/main.o
                0x0000000008000b74                SystemClock_Config
 .text.MX_ADC1_Init
                0x0000000008000c78       0xa8 Core/Src/main.o
 .text.MX_I2C1_Init
                0x0000000008000d20       0x5c Core/Src/main.o
 .text.MX_I2S3_Init
                0x0000000008000d7c       0x60 Core/Src/main.o
 .text.MX_SPI1_Init
                0x0000000008000ddc       0x6c Core/Src/main.o
 .text.MX_GPIO_Init
                0x0000000008000e48      0x1fc Core/Src/main.o
 .text.StartDefaultTask
                0x0000000008001044       0x14 Core/Src/main.o
                0x0000000008001044                StartDefaultTask
 .text.StartTaskSensor1
                0x0000000008001058       0xc4 Core/Src/main.o
                0x0000000008001058                StartTaskSensor1
 .text.StartTaskLoRa
                0x000000000800111c       0x28 Core/Src/main.o
                0x000000000800111c                StartTaskLoRa
 .text.StartTaskSensor2
                0x0000000008001144       0xc4 Core/Src/main.o
                0x0000000008001144                StartTaskSensor2
 .text.StartTaskLEDs
                0x0000000008001208      0x114 Core/Src/main.o
                0x0000000008001208                StartTaskLEDs
 .text.Error_Handler
                0x000000000800131c        0xe Core/Src/main.o
                0x000000000800131c                Error_Handler
 .text.ringbuf_init
                0x000000000800132a       0x3a Core/Src/ring_buf.o
                0x000000000800132a                ringbuf_init
 .text.ringbuf_put
                0x0000000008001364       0x80 Core/Src/ring_buf.o
                0x0000000008001364                ringbuf_put
 .text.ringbuf_get
                0x00000000080013e4       0x74 Core/Src/ring_buf.o
                0x00000000080013e4                ringbuf_get
 .text.HAL_MspInit
                0x0000000008001458       0x58 Core/Src/stm32f4xx_hal_msp.o
                0x0000000008001458                HAL_MspInit
 .text.HAL_ADC_MspInit
                0x00000000080014b0       0xc0 Core/Src/stm32f4xx_hal_msp.o
                0x00000000080014b0                HAL_ADC_MspInit
 .text.HAL_I2C_MspInit
                0x0000000008001570       0x90 Core/Src/stm32f4xx_hal_msp.o
                0x0000000008001570                HAL_I2C_MspInit
 .text.HAL_I2S_MspInit
                0x0000000008001600       0xd0 Core/Src/stm32f4xx_hal_msp.o
                0x0000000008001600                HAL_I2S_MspInit
 .text.HAL_SPI_MspInit
                0x00000000080016d0       0x90 Core/Src/stm32f4xx_hal_msp.o
                0x00000000080016d0                HAL_SPI_MspInit
 .text.NMI_Handler
                0x0000000008001760        0xe Core/Src/stm32f4xx_it.o
                0x0000000008001760                NMI_Handler
 .text.HardFault_Handler
                0x000000000800176e        0x6 Core/Src/stm32f4xx_it.o
                0x000000000800176e                HardFault_Handler
 .text.MemManage_Handler
                0x0000000008001774        0x6 Core/Src/stm32f4xx_it.o
                0x0000000008001774                MemManage_Handler
 .text.BusFault_Handler
                0x000000000800177a        0x6 Core/Src/stm32f4xx_it.o
                0x000000000800177a                BusFault_Handler
 .text.UsageFault_Handler
                0x0000000008001780        0x6 Core/Src/stm32f4xx_it.o
                0x0000000008001780                UsageFault_Handler
 .text.DebugMon_Handler
                0x0000000008001786        0xe Core/Src/stm32f4xx_it.o
                0x0000000008001786                DebugMon_Handler
 .text.SysTick_Handler
                0x0000000008001794       0x1a Core/Src/stm32f4xx_it.o
                0x0000000008001794                SysTick_Handler
 *fill*         0x00000000080017ae        0x2 
 .text.OTG_FS_IRQHandler
                0x00000000080017b0       0x14 Core/Src/stm32f4xx_it.o
                0x00000000080017b0                OTG_FS_IRQHandler
 .text._sbrk    0x00000000080017c4       0x58 Core/Src/sysmem.o
                0x00000000080017c4                _sbrk
 .text.SystemInit
                0x000000000800181c       0x2c Core/Src/system_stm32f4xx.o
                0x000000000800181c                SystemInit
 .text.Reset_Handler
                0x0000000008001848       0x50 Core/Startup/startup_stm32f407vgtx.o
                0x0000000008001848                Reset_Handler
 .text.Default_Handler
                0x0000000008001898        0x2 Core/Startup/startup_stm32f407vgtx.o
                0x0000000008001898                RTC_Alarm_IRQHandler
                0x0000000008001898                HASH_RNG_IRQHandler
                0x0000000008001898                EXTI2_IRQHandler
                0x0000000008001898                TIM8_CC_IRQHandler
                0x0000000008001898                TIM1_CC_IRQHandler
                0x0000000008001898                DMA2_Stream5_IRQHandler
                0x0000000008001898                DMA1_Stream5_IRQHandler
                0x0000000008001898                PVD_IRQHandler
                0x0000000008001898                SDIO_IRQHandler
                0x0000000008001898                TAMP_STAMP_IRQHandler
                0x0000000008001898                CAN2_RX1_IRQHandler
                0x0000000008001898                EXTI3_IRQHandler
                0x0000000008001898                TIM8_TRG_COM_TIM14_IRQHandler
                0x0000000008001898                TIM1_UP_TIM10_IRQHandler
                0x0000000008001898                TIM8_UP_TIM13_IRQHandler
                0x0000000008001898                I2C3_ER_IRQHandler
                0x0000000008001898                EXTI0_IRQHandler
                0x0000000008001898                I2C2_EV_IRQHandler
                0x0000000008001898                DMA1_Stream2_IRQHandler
                0x0000000008001898                CAN1_RX0_IRQHandler
                0x0000000008001898                FPU_IRQHandler
                0x0000000008001898                OTG_HS_WKUP_IRQHandler
                0x0000000008001898                CAN2_SCE_IRQHandler
                0x0000000008001898                DMA2_Stream2_IRQHandler
                0x0000000008001898                SPI1_IRQHandler
                0x0000000008001898                TIM6_DAC_IRQHandler
                0x0000000008001898                TIM1_BRK_TIM9_IRQHandler
                0x0000000008001898                DCMI_IRQHandler
                0x0000000008001898                CAN2_RX0_IRQHandler
                0x0000000008001898                DMA2_Stream3_IRQHandler
                0x0000000008001898                USART6_IRQHandler
                0x0000000008001898                USART3_IRQHandler
                0x0000000008001898                CAN1_RX1_IRQHandler
                0x0000000008001898                UART5_IRQHandler
                0x0000000008001898                DMA2_Stream0_IRQHandler
                0x0000000008001898                TIM4_IRQHandler
                0x0000000008001898                I2C1_EV_IRQHandler
                0x0000000008001898                DMA1_Stream6_IRQHandler
                0x0000000008001898                DMA1_Stream1_IRQHandler
                0x0000000008001898                UART4_IRQHandler
                0x0000000008001898                TIM3_IRQHandler
                0x0000000008001898                RCC_IRQHandler
                0x0000000008001898                TIM8_BRK_TIM12_IRQHandler
                0x0000000008001898                Default_Handler
                0x0000000008001898                EXTI15_10_IRQHandler
                0x0000000008001898                ADC_IRQHandler
                0x0000000008001898                DMA1_Stream7_IRQHandler
                0x0000000008001898                TIM7_IRQHandler
                0x0000000008001898                CAN2_TX_IRQHandler
                0x0000000008001898                TIM5_IRQHandler
                0x0000000008001898                DMA2_Stream7_IRQHandler
                0x0000000008001898                I2C3_EV_IRQHandler
                0x0000000008001898                EXTI9_5_IRQHandler
                0x0000000008001898                RTC_WKUP_IRQHandler
                0x0000000008001898                ETH_WKUP_IRQHandler
                0x0000000008001898                SPI2_IRQHandler
                0x0000000008001898                OTG_HS_EP1_IN_IRQHandler
                0x0000000008001898                DMA1_Stream0_IRQHandler
                0x0000000008001898                CAN1_TX_IRQHandler
                0x0000000008001898                EXTI4_IRQHandler
                0x0000000008001898                FSMC_IRQHandler
                0x0000000008001898                ETH_IRQHandler
                0x0000000008001898                OTG_HS_EP1_OUT_IRQHandler
                0x0000000008001898                WWDG_IRQHandler
                0x0000000008001898                TIM2_IRQHandler
                0x0000000008001898                OTG_FS_WKUP_IRQHandler
                0x0000000008001898                TIM1_TRG_COM_TIM11_IRQHandler
                0x0000000008001898                OTG_HS_IRQHandler
                0x0000000008001898                EXTI1_IRQHandler
                0x0000000008001898                USART2_IRQHandler
                0x0000000008001898                I2C2_ER_IRQHandler
                0x0000000008001898                DMA2_Stream1_IRQHandler
                0x0000000008001898                CAN1_SCE_IRQHandler
                0x0000000008001898                FLASH_IRQHandler
                0x0000000008001898                DMA2_Stream4_IRQHandler
                0x0000000008001898                USART1_IRQHandler
                0x0000000008001898                SPI3_IRQHandler
                0x0000000008001898                DMA1_Stream4_IRQHandler
                0x0000000008001898                I2C1_ER_IRQHandler
                0x0000000008001898                DMA2_Stream6_IRQHandler
                0x0000000008001898                DMA1_Stream3_IRQHandler
 *fill*         0x000000000800189a        0x2 
 .text.HAL_Init
                0x000000000800189c       0x44 Drivers/STM32F4xx_HAL_Driver/Src/stm32f4xx_hal.o
                0x000000000800189c                HAL_Init
 .text.HAL_InitTick
                0x00000000080018e0       0x60 Drivers/STM32F4xx_HAL_Driver/Src/stm32f4xx_hal.o
                0x00000000080018e0                HAL_InitTick
 .text.HAL_IncTick
                0x0000000008001940       0x28 Drivers/STM32F4xx_HAL_Driver/Src/stm32f4xx_hal.o
                0x0000000008001940                HAL_IncTick
 .text.HAL_GetTick
                0x0000000008001968       0x18 Drivers/STM32F4xx_HAL_Driver/Src/stm32f4xx_hal.o
                0x0000000008001968                HAL_GetTick
 .text.HAL_Delay
                0x0000000008001980       0x44 Drivers/STM32F4xx_HAL_Driver/Src/stm32f4xx_hal.o
                0x0000000008001980                HAL_Delay
 .text.HAL_ADC_Init
                0x00000000080019c4       0x86 Drivers/STM32F4xx_HAL_Driver/Src/stm32f4xx_hal_adc.o
                0x00000000080019c4                HAL_ADC_Init
 *fill*         0x0000000008001a4a        0x2 
 .text.HAL_ADC_Start
                0x0000000008001a4c      0x18c Drivers/STM32F4xx_HAL_Driver/Src/stm32f4xx_hal_adc.o
                0x0000000008001a4c                HAL_ADC_Start
 .text.HAL_ADC_Stop
                0x0000000008001bd8       0x66 Drivers/STM32F4xx_HAL_Driver/Src/stm32f4xx_hal_adc.o
                0x0000000008001bd8                HAL_ADC_Stop
 .text.HAL_ADC_GetValue
                0x0000000008001c3e       0x1a Drivers/STM32F4xx_HAL_Driver/Src/stm32f4xx_hal_adc.o
                0x0000000008001c3e                HAL_ADC_GetValue
 .text.HAL_ADC_ConfigChannel
                0x0000000008001c58      0x244 Drivers/STM32F4xx_HAL_Driver/Src/stm32f4xx_hal_adc.o
                0x0000000008001c58                HAL_ADC_ConfigChannel
 .text.ADC_Init
                0x0000000008001e9c      0x1f8 Drivers/STM32F4xx_HAL_Driver/Src/stm32f4xx_hal_adc.o
 .text.__NVIC_SetPriorityGrouping
                0x0000000008002094       0x48 Drivers/STM32F4xx_HAL_Driver/Src/stm32f4xx_hal_cortex.o
 .text.__NVIC_GetPriorityGrouping
                0x00000000080020dc       0x1c Drivers/STM32F4xx_HAL_Driver/Src/stm32f4xx_hal_cortex.o
 .text.__NVIC_EnableIRQ
                0x00000000080020f8       0x3c Drivers/STM32F4xx_HAL_Driver/Src/stm32f4xx_hal_cortex.o
 .text.__NVIC_SetPriority
                0x0000000008002134       0x54 Drivers/STM32F4xx_HAL_Driver/Src/stm32f4xx_hal_cortex.o
 .text.NVIC_EncodePriority
                0x0000000008002188       0x66 Drivers/STM32F4xx_HAL_Driver/Src/stm32f4xx_hal_cortex.o
 *fill*         0x00000000080021ee        0x2 
 .text.SysTick_Config
                0x00000000080021f0       0x44 Drivers/STM32F4xx_HAL_Driver/Src/stm32f4xx_hal_cortex.o
 .text.HAL_NVIC_SetPriorityGrouping
                0x0000000008002234       0x16 Drivers/STM32F4xx_HAL_Driver/Src/stm32f4xx_hal_cortex.o
                0x0000000008002234                HAL_NVIC_SetPriorityGrouping
 .text.HAL_NVIC_SetPriority
                0x000000000800224a       0x38 Drivers/STM32F4xx_HAL_Driver/Src/stm32f4xx_hal_cortex.o
                0x000000000800224a                HAL_NVIC_SetPriority
 .text.HAL_NVIC_EnableIRQ
                0x0000000008002282       0x1c Drivers/STM32F4xx_HAL_Driver/Src/stm32f4xx_hal_cortex.o
                0x0000000008002282                HAL_NVIC_EnableIRQ
 .text.HAL_SYSTICK_Config
                0x000000000800229e       0x18 Drivers/STM32F4xx_HAL_Driver/Src/stm32f4xx_hal_cortex.o
                0x000000000800229e                HAL_SYSTICK_Config
 *fill*         0x00000000080022b6        0x2 
 .text.HAL_GPIO_Init
                0x00000000080022b8      0x334 Drivers/STM32F4xx_HAL_Driver/Src/stm32f4xx_hal_gpio.o
                0x00000000080022b8                HAL_GPIO_Init
 .text.HAL_GPIO_WritePin
                0x00000000080025ec       0x32 Drivers/STM32F4xx_HAL_Driver/Src/stm32f4xx_hal_gpio.o
                0x00000000080025ec                HAL_GPIO_WritePin
 .text.HAL_HCD_Init
                0x000000000800261e       0xc4 Drivers/STM32F4xx_HAL_Driver/Src/stm32f4xx_hal_hcd.o
                0x000000000800261e                HAL_HCD_Init
 .text.HAL_HCD_HC_Init
                0x00000000080026e2      0x130 Drivers/STM32F4xx_HAL_Driver/Src/stm32f4xx_hal_hcd.o
                0x00000000080026e2                HAL_HCD_HC_Init
 .text.HAL_HCD_HC_Halt
                0x0000000008002812       0x46 Drivers/STM32F4xx_HAL_Driver/Src/stm32f4xx_hal_hcd.o
                0x0000000008002812                HAL_HCD_HC_Halt
 .text.HAL_HCD_HC_SubmitRequest
                0x0000000008002858      0x2e4 Drivers/STM32F4xx_HAL_Driver/Src/stm32f4xx_hal_hcd.o
                0x0000000008002858                HAL_HCD_HC_SubmitRequest
 .text.HAL_HCD_IRQHandler
                0x0000000008002b3c      0x208 Drivers/STM32F4xx_HAL_Driver/Src/stm32f4xx_hal_hcd.o
                0x0000000008002b3c                HAL_HCD_IRQHandler
 .text.HAL_HCD_Start
                0x0000000008002d44       0x46 Drivers/STM32F4xx_HAL_Driver/Src/stm32f4xx_hal_hcd.o
                0x0000000008002d44                HAL_HCD_Start
 .text.HAL_HCD_Stop
                0x0000000008002d8a       0x3a Drivers/STM32F4xx_HAL_Driver/Src/stm32f4xx_hal_hcd.o
                0x0000000008002d8a                HAL_HCD_Stop
 .text.HAL_HCD_ResetPort
                0x0000000008002dc4       0x1c Drivers/STM32F4xx_HAL_Driver/Src/stm32f4xx_hal_hcd.o
                0x0000000008002dc4                HAL_HCD_ResetPort
 .text.HAL_HCD_HC_GetURBState
                0x0000000008002de0       0x2a Drivers/STM32F4xx_HAL_Driver/Src/stm32f4xx_hal_hcd.o
                0x0000000008002de0                HAL_HCD_HC_GetURBState
 .text.HAL_HCD_HC_GetXferCount
                0x0000000008002e0a       0x2a Drivers/STM32F4xx_HAL_Driver/Src/stm32f4xx_hal_hcd.o
                0x0000000008002e0a                HAL_HCD_HC_GetXferCount
 .text.HAL_HCD_GetCurrentFrame
                0x0000000008002e34       0x1c Drivers/STM32F4xx_HAL_Driver/Src/stm32f4xx_hal_hcd.o
                0x0000000008002e34                HAL_HCD_GetCurrentFrame
 .text.HAL_HCD_GetCurrentSpeed
                0x0000000008002e50       0x1c Drivers/STM32F4xx_HAL_Driver/Src/stm32f4xx_hal_hcd.o
                0x0000000008002e50                HAL_HCD_GetCurrentSpeed
 .text.HCD_HC_IN_IRQHandler
                0x0000000008002e6c      0x86a Drivers/STM32F4xx_HAL_Driver/Src/stm32f4xx_hal_hcd.o
 .text.HCD_HC_OUT_IRQHandler
                0x00000000080036d6      0x6ea Drivers/STM32F4xx_HAL_Driver/Src/stm32f4xx_hal_hcd.o
 .text.HCD_RXQLVL_IRQHandler
                0x0000000008003dc0      0x158 Drivers/STM32F4xx_HAL_Driver/Src/stm32f4xx_hal_hcd.o
 .text.HCD_Port_IRQHandler
                0x0000000008003f18       0xe6 Drivers/STM32F4xx_HAL_Driver/Src/stm32f4xx_hal_hcd.o
 *fill*         0x0000000008003ffe        0x2 
 .text.HAL_I2C_Init
                0x0000000008004000      0x270 Drivers/STM32F4xx_HAL_Driver/Src/stm32f4xx_hal_i2c.o
                0x0000000008004000                HAL_I2C_Init
 .text.HAL_I2S_Init
                0x0000000008004270      0x280 Drivers/STM32F4xx_HAL_Driver/Src/stm32f4xx_hal_i2s.o
                0x0000000008004270                HAL_I2S_Init
 .text.HAL_I2S_TxCpltCallback
                0x00000000080044f0       0x14 Drivers/STM32F4xx_HAL_Driver/Src/stm32f4xx_hal_i2s.o
                0x00000000080044f0                HAL_I2S_TxCpltCallback
 .text.HAL_I2S_RxCpltCallback
                0x0000000008004504       0x14 Drivers/STM32F4xx_HAL_Driver/Src/stm32f4xx_hal_i2s.o
                0x0000000008004504                HAL_I2S_RxCpltCallback
 .text.HAL_I2S_ErrorCallback
                0x0000000008004518       0x14 Drivers/STM32F4xx_HAL_Driver/Src/stm32f4xx_hal_i2s.o
                0x0000000008004518                HAL_I2S_ErrorCallback
 .text.I2S_Transmit_IT
                0x000000000800452c       0x5c Drivers/STM32F4xx_HAL_Driver/Src/stm32f4xx_hal_i2s.o
 .text.I2S_Receive_IT
                0x0000000008004588       0x5e Drivers/STM32F4xx_HAL_Driver/Src/stm32f4xx_hal_i2s.o
 .text.I2S_IRQHandler
                0x00000000080045e6      0x114 Drivers/STM32F4xx_HAL_Driver/Src/stm32f4xx_hal_i2s.o
 *fill*         0x00000000080046fa        0x2 
 .text.HAL_I2SEx_FullDuplex_IRQHandler
                0x00000000080046fc      0x2a8 Drivers/STM32F4xx_HAL_Driver/Src/stm32f4xx_hal_i2s_ex.o
                0x00000000080046fc                HAL_I2SEx_FullDuplex_IRQHandler
 .text.HAL_I2SEx_TxRxCpltCallback
                0x00000000080049a4       0x14 Drivers/STM32F4xx_HAL_Driver/Src/stm32f4xx_hal_i2s_ex.o
                0x00000000080049a4                HAL_I2SEx_TxRxCpltCallback
 .text.I2SEx_TxISR_I2S
                0x00000000080049b8       0x62 Drivers/STM32F4xx_HAL_Driver/Src/stm32f4xx_hal_i2s_ex.o
 *fill*         0x0000000008004a1a        0x2 
 .text.I2SEx_TxISR_I2SExt
                0x0000000008004a1c       0x98 Drivers/STM32F4xx_HAL_Driver/Src/stm32f4xx_hal_i2s_ex.o
 .text.I2SEx_RxISR_I2S
                0x0000000008004ab4       0x64 Drivers/STM32F4xx_HAL_Driver/Src/stm32f4xx_hal_i2s_ex.o
 .text.I2SEx_RxISR_I2SExt
                0x0000000008004b18       0x98 Drivers/STM32F4xx_HAL_Driver/Src/stm32f4xx_hal_i2s_ex.o
 .text.HAL_RCC_OscConfig
                0x0000000008004bb0      0x4e0 Drivers/STM32F4xx_HAL_Driver/Src/stm32f4xx_hal_rcc.o
                0x0000000008004bb0                HAL_RCC_OscConfig
 .text.HAL_RCC_ClockConfig
                0x0000000008005090      0x1cc Drivers/STM32F4xx_HAL_Driver/Src/stm32f4xx_hal_rcc.o
                0x0000000008005090                HAL_RCC_ClockConfig
 .text.HAL_RCC_GetSysClockFreq
                0x000000000800525c      0x1b0 Drivers/STM32F4xx_HAL_Driver/Src/stm32f4xx_hal_rcc.o
                0x000000000800525c                HAL_RCC_GetSysClockFreq
 .text.HAL_RCC_GetHCLKFreq
                0x000000000800540c       0x18 Drivers/STM32F4xx_HAL_Driver/Src/stm32f4xx_hal_rcc.o
                0x000000000800540c                HAL_RCC_GetHCLKFreq
 .text.HAL_RCC_GetPCLK1Freq
                0x0000000008005424       0x28 Drivers/STM32F4xx_HAL_Driver/Src/stm32f4xx_hal_rcc.o
                0x0000000008005424                HAL_RCC_GetPCLK1Freq
 .text.HAL_RCCEx_PeriphCLKConfig
                0x000000000800544c      0x1c4 Drivers/STM32F4xx_HAL_Driver/Src/stm32f4xx_hal_rcc_ex.o
                0x000000000800544c                HAL_RCCEx_PeriphCLKConfig
 .text.HAL_RCCEx_GetPeriphCLKFreq
                0x0000000008005610       0xb8 Drivers/STM32F4xx_HAL_Driver/Src/stm32f4xx_hal_rcc_ex.o
                0x0000000008005610                HAL_RCCEx_GetPeriphCLKFreq
 .text.HAL_SPI_Init
                0x00000000080056c8       0xc8 Drivers/STM32F4xx_HAL_Driver/Src/stm32f4xx_hal_spi.o
                0x00000000080056c8                HAL_SPI_Init
 .text.USB_CoreInit
                0x0000000008005790       0xc2 Drivers/STM32F4xx_HAL_Driver/Src/stm32f4xx_ll_usb.o
                0x0000000008005790                USB_CoreInit
 .text.USB_EnableGlobalInt
                0x0000000008005852       0x22 Drivers/STM32F4xx_HAL_Driver/Src/stm32f4xx_ll_usb.o
                0x0000000008005852                USB_EnableGlobalInt
 .text.USB_DisableGlobalInt
                0x0000000008005874       0x22 Drivers/STM32F4xx_HAL_Driver/Src/stm32f4xx_ll_usb.o
                0x0000000008005874                USB_DisableGlobalInt
 .text.USB_SetCurrentMode
                0x0000000008005896       0x54 Drivers/STM32F4xx_HAL_Driver/Src/stm32f4xx_ll_usb.o
                0x0000000008005896                USB_SetCurrentMode
 *fill*         0x00000000080058ea        0x2 
 .text.USB_FlushTxFifo
                0x00000000080058ec       0x4c Drivers/STM32F4xx_HAL_Driver/Src/stm32f4xx_ll_usb.o
                0x00000000080058ec                USB_FlushTxFifo
 .text.USB_FlushRxFifo
                0x0000000008005938       0x44 Drivers/STM32F4xx_HAL_Driver/Src/stm32f4xx_ll_usb.o
                0x0000000008005938                USB_FlushRxFifo
 .text.USB_WritePacket
                0x000000000800597c       0x6a Drivers/STM32F4xx_HAL_Driver/Src/stm32f4xx_ll_usb.o
                0x000000000800597c                USB_WritePacket
 .text.USB_ReadPacket
                0x00000000080059e6       0x52 Drivers/STM32F4xx_HAL_Driver/Src/stm32f4xx_ll_usb.o
                0x00000000080059e6                USB_ReadPacket
 .text.USB_ReadInterrupts
                0x0000000008005a38       0x26 Drivers/STM32F4xx_HAL_Driver/Src/stm32f4xx_ll_usb.o
                0x0000000008005a38                USB_ReadInterrupts
 .text.USB_GetMode
                0x0000000008005a5e       0x1c Drivers/STM32F4xx_HAL_Driver/Src/stm32f4xx_ll_usb.o
                0x0000000008005a5e                USB_GetMode
 *fill*         0x0000000008005a7a        0x2 
 .text.USB_CoreReset
                0x0000000008005a7c       0x68 Drivers/STM32F4xx_HAL_Driver/Src/stm32f4xx_ll_usb.o
 .text.USB_HostInit
                0x0000000008005ae4      0x178 Drivers/STM32F4xx_HAL_Driver/Src/stm32f4xx_ll_usb.o
                0x0000000008005ae4                USB_HostInit
 .text.USB_InitFSLSPClkSel
                0x0000000008005c5c       0x74 Drivers/STM32F4xx_HAL_Driver/Src/stm32f4xx_ll_usb.o
                0x0000000008005c5c                USB_InitFSLSPClkSel
 .text.USB_ResetPort
                0x0000000008005cd0       0x54 Drivers/STM32F4xx_HAL_Driver/Src/stm32f4xx_ll_usb.o
                0x0000000008005cd0                USB_ResetPort
 .text.USB_DriveVbus
                0x0000000008005d24       0x72 Drivers/STM32F4xx_HAL_Driver/Src/stm32f4xx_ll_usb.o
                0x0000000008005d24                USB_DriveVbus
 .text.USB_GetHostSpeed
                0x0000000008005d96       0x2e Drivers/STM32F4xx_HAL_Driver/Src/stm32f4xx_ll_usb.o
                0x0000000008005d96                USB_GetHostSpeed
 .text.USB_GetCurrentFrame
                0x0000000008005dc4       0x22 Drivers/STM32F4xx_HAL_Driver/Src/stm32f4xx_ll_usb.o
                0x0000000008005dc4                USB_GetCurrentFrame
 *fill*         0x0000000008005de6        0x2 
 .text.USB_HC_Init
                0x0000000008005de8      0x214 Drivers/STM32F4xx_HAL_Driver/Src/stm32f4xx_ll_usb.o
                0x0000000008005de8                USB_HC_Init
 .text.USB_HC_StartXfer
                0x0000000008005ffc      0x288 Drivers/STM32F4xx_HAL_Driver/Src/stm32f4xx_ll_usb.o
                0x0000000008005ffc                USB_HC_StartXfer
 .text.USB_HC_ReadInterrupt
                0x0000000008006284       0x22 Drivers/STM32F4xx_HAL_Driver/Src/stm32f4xx_ll_usb.o
                0x0000000008006284                USB_HC_ReadInterrupt
 .text.USB_HC_Halt
                0x00000000080062a6      0x1fe Drivers/STM32F4xx_HAL_Driver/Src/stm32f4xx_ll_usb.o
                0x00000000080062a6                USB_HC_Halt
 .text.USB_DoPing
                0x00000000080064a4       0x78 Drivers/STM32F4xx_HAL_Driver/Src/stm32f4xx_ll_usb.o
                0x00000000080064a4                USB_DoPing
 .text.USB_StopHost
                0x000000000800651c      0x10c Drivers/STM32F4xx_HAL_Driver/Src/stm32f4xx_ll_usb.o
                0x000000000800651c                USB_StopHost
 .text.USBH_CDC_InterfaceInit
                0x0000000008006628      0x2ac Middlewares/ST/STM32_USB_Host_Library/Class/CDC/Src/usbh_cdc.o
 .text.USBH_CDC_InterfaceDeInit
                0x00000000080068d4       0xb2 Middlewares/ST/STM32_USB_Host_Library/Class/CDC/Src/usbh_cdc.o
 .text.USBH_CDC_ClassRequest
                0x0000000008006986       0x3e Middlewares/ST/STM32_USB_Host_Library/Class/CDC/Src/usbh_cdc.o
 .text.USBH_CDC_Process
                0x00000000080069c4      0x12c Middlewares/ST/STM32_USB_Host_Library/Class/CDC/Src/usbh_cdc.o
 .text.USBH_CDC_SOFProcess
                0x0000000008006af0       0x16 Middlewares/ST/STM32_USB_Host_Library/Class/CDC/Src/usbh_cdc.o
 .text.GetLineCoding
                0x0000000008006b06       0x3e Middlewares/ST/STM32_USB_Host_Library/Class/CDC/Src/usbh_cdc.o
 .text.SetLineCoding
                0x0000000008006b44       0x3e Middlewares/ST/STM32_USB_Host_Library/Class/CDC/Src/usbh_cdc.o
 .text.CDC_ProcessTransmission
                0x0000000008006b82      0x128 Middlewares/ST/STM32_USB_Host_Library/Class/CDC/Src/usbh_cdc.o
 .text.CDC_ProcessReception
                0x0000000008006caa       0xd2 Middlewares/ST/STM32_USB_Host_Library/Class/CDC/Src/usbh_cdc.o
 .text.USBH_CDC_TransmitCallback
                0x0000000008006d7c       0x14 Middlewares/ST/STM32_USB_Host_Library/Class/CDC/Src/usbh_cdc.o
                0x0000000008006d7c                USBH_CDC_TransmitCallback
 .text.USBH_CDC_ReceiveCallback
                0x0000000008006d90       0x14 Middlewares/ST/STM32_USB_Host_Library/Class/CDC/Src/usbh_cdc.o
                0x0000000008006d90                USBH_CDC_ReceiveCallback
 .text.USBH_CDC_LineCodingChanged
                0x0000000008006da4       0x14 Middlewares/ST/STM32_USB_Host_Library/Class/CDC/Src/usbh_cdc.o
                0x0000000008006da4                USBH_CDC_LineCodingChanged
 .text.USBH_Init
                0x0000000008006db8       0xb8 Middlewares/ST/STM32_USB_Host_Library/Core/Src/usbh_core.o
                0x0000000008006db8                USBH_Init
 .text.DeInitStateMachine
                0x0000000008006e70       0xa8 Middlewares/ST/STM32_USB_Host_Library/Core/Src/usbh_core.o
 .text.USBH_RegisterClass
                0x0000000008006f18       0x54 Middlewares/ST/STM32_USB_Host_Library/Core/Src/usbh_core.o
                0x0000000008006f18                USBH_RegisterClass
 .text.USBH_SelectInterface
                0x0000000008006f6c       0x38 Middlewares/ST/STM32_USB_Host_Library/Core/Src/usbh_core.o
                0x0000000008006f6c                USBH_SelectInterface
 .text.USBH_FindInterface
                0x0000000008006fa4       0x8c Middlewares/ST/STM32_USB_Host_Library/Core/Src/usbh_core.o
                0x0000000008006fa4                USBH_FindInterface
 .text.USBH_Start
                0x0000000008007030       0x20 Middlewares/ST/STM32_USB_Host_Library/Core/Src/usbh_core.o
                0x0000000008007030                USBH_Start
 .text.USBH_Process
                0x0000000008007050      0x4c4 Middlewares/ST/STM32_USB_Host_Library/Core/Src/usbh_core.o
                0x0000000008007050                USBH_Process
 .text.USBH_HandleEnum
                0x0000000008007514      0x458 Middlewares/ST/STM32_USB_Host_Library/Core/Src/usbh_core.o
 .text.USBH_LL_SetTimer
                0x000000000800796c       0x1e Middlewares/ST/STM32_USB_Host_Library/Core/Src/usbh_core.o
                0x000000000800796c                USBH_LL_SetTimer
 .text.USBH_LL_IncTimer
                0x000000000800798a       0x24 Middlewares/ST/STM32_USB_Host_Library/Core/Src/usbh_core.o
                0x000000000800798a                USBH_LL_IncTimer
 .text.USBH_HandleSof
                0x00000000080079ae       0x30 Middlewares/ST/STM32_USB_Host_Library/Core/Src/usbh_core.o
 .text.USBH_LL_PortEnabled
                0x00000000080079de       0x34 Middlewares/ST/STM32_USB_Host_Library/Core/Src/usbh_core.o
                0x00000000080079de                USBH_LL_PortEnabled
 .text.USBH_LL_PortDisabled
                0x0000000008007a12       0x1c Middlewares/ST/STM32_USB_Host_Library/Core/Src/usbh_core.o
                0x0000000008007a12                USBH_LL_PortDisabled
 .text.USBH_LL_Connect
                0x0000000008007a2e       0x46 Middlewares/ST/STM32_USB_Host_Library/Core/Src/usbh_core.o
                0x0000000008007a2e                USBH_LL_Connect
 .text.USBH_LL_Disconnect
                0x0000000008007a74       0x64 Middlewares/ST/STM32_USB_Host_Library/Core/Src/usbh_core.o
                0x0000000008007a74                USBH_LL_Disconnect
 .text.USBH_Process_OS
                0x0000000008007ad8       0x2e Middlewares/ST/STM32_USB_Host_Library/Core/Src/usbh_core.o
 .text.USBH_LL_NotifyURBChange
                0x0000000008007b06       0x2e Middlewares/ST/STM32_USB_Host_Library/Core/Src/usbh_core.o
                0x0000000008007b06                USBH_LL_NotifyURBChange
 .text.USBH_Get_DevDesc
                0x0000000008007b34       0x50 Middlewares/ST/STM32_USB_Host_Library/Core/Src/usbh_ctlreq.o
                0x0000000008007b34                USBH_Get_DevDesc
 .text.USBH_Get_CfgDesc
                0x0000000008007b84       0x48 Middlewares/ST/STM32_USB_Host_Library/Core/Src/usbh_ctlreq.o
                0x0000000008007b84                USBH_Get_CfgDesc
 .text.USBH_Get_StringDesc
                0x0000000008007bcc       0x56 Middlewares/ST/STM32_USB_Host_Library/Core/Src/usbh_ctlreq.o
                0x0000000008007bcc                USBH_Get_StringDesc
 .text.USBH_GetDescriptor
                0x0000000008007c22       0x6a Middlewares/ST/STM32_USB_Host_Library/Core/Src/usbh_ctlreq.o
                0x0000000008007c22                USBH_GetDescriptor
 .text.USBH_SetAddress
                0x0000000008007c8c       0x48 Middlewares/ST/STM32_USB_Host_Library/Core/Src/usbh_ctlreq.o
                0x0000000008007c8c                USBH_SetAddress
 .text.USBH_SetCfg
                0x0000000008007cd4       0x46 Middlewares/ST/STM32_USB_Host_Library/Core/Src/usbh_ctlreq.o
                0x0000000008007cd4                USBH_SetCfg
 .text.USBH_SetFeature
                0x0000000008007d1a       0x48 Middlewares/ST/STM32_USB_Host_Library/Core/Src/usbh_ctlreq.o
                0x0000000008007d1a                USBH_SetFeature
 .text.USBH_ClrFeature
                0x0000000008007d62       0x48 Middlewares/ST/STM32_USB_Host_Library/Core/Src/usbh_ctlreq.o
                0x0000000008007d62                USBH_ClrFeature
 .text.USBH_ParseDevDesc
                0x0000000008007daa       0xe0 Middlewares/ST/STM32_USB_Host_Library/Core/Src/usbh_ctlreq.o
 .text.USBH_ParseCfgDesc
                0x0000000008007e8a      0x144 Middlewares/ST/STM32_USB_Host_Library/Core/Src/usbh_ctlreq.o
 .text.USBH_ParseInterfaceDesc
                0x0000000008007fce       0x5e Middlewares/ST/STM32_USB_Host_Library/Core/Src/usbh_ctlreq.o
 .text.USBH_ParseEPDesc
                0x000000000800802c       0x5a Middlewares/ST/STM32_USB_Host_Library/Core/Src/usbh_ctlreq.o
 .text.USBH_ParseStringDesc
                0x0000000008008086       0x66 Middlewares/ST/STM32_USB_Host_Library/Core/Src/usbh_ctlreq.o
 .text.USBH_GetNextDesc
                0x00000000080080ec       0x36 Middlewares/ST/STM32_USB_Host_Library/Core/Src/usbh_ctlreq.o
                0x00000000080080ec                USBH_GetNextDesc
 .text.USBH_CtlReq
                0x0000000008008122       0xb2 Middlewares/ST/STM32_USB_Host_Library/Core/Src/usbh_ctlreq.o
                0x0000000008008122                USBH_CtlReq
 .text.USBH_HandleControl
                0x00000000080081d4      0x494 Middlewares/ST/STM32_USB_Host_Library/Core/Src/usbh_ctlreq.o
 .text.USBH_CtlSendSetup
                0x0000000008008668       0x34 Middlewares/ST/STM32_USB_Host_Library/Core/Src/usbh_ioreq.o
                0x0000000008008668                USBH_CtlSendSetup
 .text.USBH_CtlSendData
                0x000000000800869c       0x4a Middlewares/ST/STM32_USB_Host_Library/Core/Src/usbh_ioreq.o
                0x000000000800869c                USBH_CtlSendData
 .text.USBH_CtlReceiveData
                0x00000000080086e6       0x3c Middlewares/ST/STM32_USB_Host_Library/Core/Src/usbh_ioreq.o
                0x00000000080086e6                USBH_CtlReceiveData
 .text.USBH_BulkSendData
                0x0000000008008722       0x4a Middlewares/ST/STM32_USB_Host_Library/Core/Src/usbh_ioreq.o
                0x0000000008008722                USBH_BulkSendData
 .text.USBH_BulkReceiveData
                0x000000000800876c       0x3c Middlewares/ST/STM32_USB_Host_Library/Core/Src/usbh_ioreq.o
                0x000000000800876c                USBH_BulkReceiveData
 .text.USBH_OpenPipe
                0x00000000080087a8       0x3e Middlewares/ST/STM32_USB_Host_Library/Core/Src/usbh_pipes.o
                0x00000000080087a8                USBH_OpenPipe
 .text.USBH_ClosePipe
                0x00000000080087e6       0x20 Middlewares/ST/STM32_USB_Host_Library/Core/Src/usbh_pipes.o
                0x00000000080087e6                USBH_ClosePipe
 .text.USBH_AllocPipe
                0x0000000008008806       0x42 Middlewares/ST/STM32_USB_Host_Library/Core/Src/usbh_pipes.o
                0x0000000008008806                USBH_AllocPipe
 .text.USBH_FreePipe
                0x0000000008008848       0x3c Middlewares/ST/STM32_USB_Host_Library/Core/Src/usbh_pipes.o
                0x0000000008008848                USBH_FreePipe
 .text.USBH_GetFreePipe
                0x0000000008008884       0x48 Middlewares/ST/STM32_USB_Host_Library/Core/Src/usbh_pipes.o
 .text.SVC_Setup
                0x00000000080088cc        0xe Middlewares/Third_Party/FreeRTOS/Source/CMSIS_RTOS_V2/cmsis_os2.o
 *fill*         0x00000000080088da        0x2 
 .text.osKernelInitialize
                0x00000000080088dc       0x68 Middlewares/Third_Party/FreeRTOS/Source/CMSIS_RTOS_V2/cmsis_os2.o
                0x00000000080088dc                osKernelInitialize
 .text.osKernelStart
                0x0000000008008944       0x6c Middlewares/Third_Party/FreeRTOS/Source/CMSIS_RTOS_V2/cmsis_os2.o
                0x0000000008008944                osKernelStart
 .text.osKernelGetTickCount
                0x00000000080089b0       0x50 Middlewares/Third_Party/FreeRTOS/Source/CMSIS_RTOS_V2/cmsis_os2.o
                0x00000000080089b0                osKernelGetTickCount
 .text.osThreadNew
                0x0000000008008a00      0x14c Middlewares/Third_Party/FreeRTOS/Source/CMSIS_RTOS_V2/cmsis_os2.o
                0x0000000008008a00                osThreadNew
 .text.osDelay  0x0000000008008b4c       0x5c Middlewares/Third_Party/FreeRTOS/Source/CMSIS_RTOS_V2/cmsis_os2.o
                0x0000000008008b4c                osDelay
 .text.osDelayUntil
                0x0000000008008ba8       0x80 Middlewares/Third_Party/FreeRTOS/Source/CMSIS_RTOS_V2/cmsis_os2.o
                0x0000000008008ba8                osDelayUntil
 .text.osMessageQueueNew
                0x0000000008008c28      0x10c Middlewares/Third_Party/FreeRTOS/Source/CMSIS_RTOS_V2/cmsis_os2.o
                0x0000000008008c28                osMessageQueueNew
 .text.osMessageQueuePut
                0x0000000008008d34       0xe8 Middlewares/Third_Party/FreeRTOS/Source/CMSIS_RTOS_V2/cmsis_os2.o
                0x0000000008008d34                osMessageQueuePut
 .text.osMessageQueueGet
                0x0000000008008e1c       0xe4 Middlewares/Third_Party/FreeRTOS/Source/CMSIS_RTOS_V2/cmsis_os2.o
                0x0000000008008e1c                osMessageQueueGet
 .text.vApplicationGetIdleTaskMemory
                0x0000000008008f00       0x34 Middlewares/Third_Party/FreeRTOS/Source/CMSIS_RTOS_V2/cmsis_os2.o
                0x0000000008008f00                vApplicationGetIdleTaskMemory
 .text.vApplicationGetTimerTaskMemory
                0x0000000008008f34       0x34 Middlewares/Third_Party/FreeRTOS/Source/CMSIS_RTOS_V2/cmsis_os2.o
                0x0000000008008f34                vApplicationGetTimerTaskMemory
 .text.vListInitialise
                0x0000000008008f68       0x40 Middlewares/Third_Party/FreeRTOS/Source/list.o
                0x0000000008008f68                vListInitialise
 .text.vListInitialiseItem
                0x0000000008008fa8       0x1a Middlewares/Third_Party/FreeRTOS/Source/list.o
                0x0000000008008fa8                vListInitialiseItem
 .text.vListInsertEnd
                0x0000000008008fc2       0x48 Middlewares/Third_Party/FreeRTOS/Source/list.o
                0x0000000008008fc2                vListInsertEnd
 .text.vListInsert
                0x000000000800900a       0x72 Middlewares/Third_Party/FreeRTOS/Source/list.o
                0x000000000800900a                vListInsert
 .text.uxListRemove
                0x000000000800907c       0x54 Middlewares/Third_Party/FreeRTOS/Source/list.o
                0x000000000800907c                uxListRemove
 .text.xQueueGenericReset
                0x00000000080090d0       0xd0 Middlewares/Third_Party/FreeRTOS/Source/queue.o
                0x00000000080090d0                xQueueGenericReset
 .text.xQueueGenericCreateStatic
                0x00000000080091a0       0xe6 Middlewares/Third_Party/FreeRTOS/Source/queue.o
                0x00000000080091a0                xQueueGenericCreateStatic
 .text.xQueueGenericCreate
                0x0000000008009286       0x7e Middlewares/Third_Party/FreeRTOS/Source/queue.o
                0x0000000008009286                xQueueGenericCreate
 .text.prvInitialiseNewQueue
                0x0000000008009304       0x46 Middlewares/Third_Party/FreeRTOS/Source/queue.o
 *fill*         0x000000000800934a        0x2 
 .text.xQueueGenericSend
                0x000000000800934c      0x1f4 Middlewares/Third_Party/FreeRTOS/Source/queue.o
                0x000000000800934c                xQueueGenericSend
 .text.xQueueGenericSendFromISR
                0x0000000008009540      0x128 Middlewares/Third_Party/FreeRTOS/Source/queue.o
                0x0000000008009540                xQueueGenericSendFromISR
 .text.xQueueReceive
                0x0000000008009668      0x1b8 Middlewares/Third_Party/FreeRTOS/Source/queue.o
                0x0000000008009668                xQueueReceive
 .text.xQueueReceiveFromISR
                0x0000000008009820       0xfa Middlewares/Third_Party/FreeRTOS/Source/queue.o
                0x0000000008009820                xQueueReceiveFromISR
 .text.prvCopyDataToQueue
                0x000000000800991a       0xd4 Middlewares/Third_Party/FreeRTOS/Source/queue.o
 .text.prvCopyDataFromQueue
                0x00000000080099ee       0x4c Middlewares/Third_Party/FreeRTOS/Source/queue.o
 .text.prvUnlockQueue
                0x0000000008009a3a       0xa4 Middlewares/Third_Party/FreeRTOS/Source/queue.o
 .text.prvIsQueueEmpty
                0x0000000008009ade       0x2c Middlewares/Third_Party/FreeRTOS/Source/queue.o
 .text.prvIsQueueFull
                0x0000000008009b0a       0x30 Middlewares/Third_Party/FreeRTOS/Source/queue.o
 *fill*         0x0000000008009b3a        0x2 
 .text.vQueueAddToRegistry
                0x0000000008009b3c       0x50 Middlewares/Third_Party/FreeRTOS/Source/queue.o
                0x0000000008009b3c                vQueueAddToRegistry
 .text.vQueueWaitForMessageRestricted
                0x0000000008009b8c       0x68 Middlewares/Third_Party/FreeRTOS/Source/queue.o
                0x0000000008009b8c                vQueueWaitForMessageRestricted
 .text.xTaskCreateStatic
                0x0000000008009bf4       0xb4 Middlewares/Third_Party/FreeRTOS/Source/tasks.o
                0x0000000008009bf4                xTaskCreateStatic
 .text.xTaskCreate
                0x0000000008009ca8       0x8a Middlewares/Third_Party/FreeRTOS/Source/tasks.o
                0x0000000008009ca8                xTaskCreate
 .text.prvInitialiseNewTask
                0x0000000008009d32      0x11c Middlewares/Third_Party/FreeRTOS/Source/tasks.o
 *fill*         0x0000000008009e4e        0x2 
 .text.prvAddNewTaskToReadyList
                0x0000000008009e50       0xe0 Middlewares/Third_Party/FreeRTOS/Source/tasks.o
 .text.vTaskDelayUntil
                0x0000000008009f30       0xf4 Middlewares/Third_Party/FreeRTOS/Source/tasks.o
                0x0000000008009f30                vTaskDelayUntil
 .text.vTaskDelay
                0x000000000800a024       0x68 Middlewares/Third_Party/FreeRTOS/Source/tasks.o
                0x000000000800a024                vTaskDelay
 .text.vTaskStartScheduler
                0x000000000800a08c       0xc8 Middlewares/Third_Party/FreeRTOS/Source/tasks.o
                0x000000000800a08c                vTaskStartScheduler
 .text.vTaskSuspendAll
                0x000000000800a154       0x1c Middlewares/Third_Party/FreeRTOS/Source/tasks.o
                0x000000000800a154                vTaskSuspendAll
 .text.prvGetExpectedIdleTime
                0x000000000800a170       0x70 Middlewares/Third_Party/FreeRTOS/Source/tasks.o
 .text.xTaskResumeAll
                0x000000000800a1e0      0x138 Middlewares/Third_Party/FreeRTOS/Source/tasks.o
                0x000000000800a1e0                xTaskResumeAll
 .text.xTaskGetTickCount
                0x000000000800a318       0x20 Middlewares/Third_Party/FreeRTOS/Source/tasks.o
                0x000000000800a318                xTaskGetTickCount
 .text.xTaskGetTickCountFromISR
                0x000000000800a338       0x24 Middlewares/Third_Party/FreeRTOS/Source/tasks.o
                0x000000000800a338                xTaskGetTickCountFromISR
 .text.vTaskStepTick
                0x000000000800a35c       0x4c Middlewares/Third_Party/FreeRTOS/Source/tasks.o
                0x000000000800a35c                vTaskStepTick
 .text.xTaskIncrementTick
                0x000000000800a3a8      0x170 Middlewares/Third_Party/FreeRTOS/Source/tasks.o
                0x000000000800a3a8                xTaskIncrementTick
 .text.vTaskSwitchContext
                0x000000000800a518       0xb8 Middlewares/Third_Party/FreeRTOS/Source/tasks.o
                0x000000000800a518                vTaskSwitchContext
 .text.vTaskPlaceOnEventList
                0x000000000800a5d0       0x48 Middlewares/Third_Party/FreeRTOS/Source/tasks.o
                0x000000000800a5d0                vTaskPlaceOnEventList
 .text.vTaskPlaceOnEventListRestricted
                0x000000000800a618       0x54 Middlewares/Third_Party/FreeRTOS/Source/tasks.o
                0x000000000800a618                vTaskPlaceOnEventListRestricted
 .text.xTaskRemoveFromEventList
                0x000000000800a66c       0xc8 Middlewares/Third_Party/FreeRTOS/Source/tasks.o
                0x000000000800a66c                xTaskRemoveFromEventList
 .text.vTaskInternalSetTimeOutState
                0x000000000800a734       0x2c Middlewares/Third_Party/FreeRTOS/Source/tasks.o
                0x000000000800a734                vTaskInternalSetTimeOutState
 .text.xTaskCheckForTimeOut
                0x000000000800a760       0xc0 Middlewares/Third_Party/FreeRTOS/Source/tasks.o
                0x000000000800a760                xTaskCheckForTimeOut
 .text.vTaskMissedYield
                0x000000000800a820       0x18 Middlewares/Third_Party/FreeRTOS/Source/tasks.o
                0x000000000800a820                vTaskMissedYield
 .text.prvIdleTask
                0x000000000800a838       0x7c Middlewares/Third_Party/FreeRTOS/Source/tasks.o
 .text.eTaskConfirmSleepModeStatus
                0x000000000800a8b4       0x5c Middlewares/Third_Party/FreeRTOS/Source/tasks.o
                0x000000000800a8b4                eTaskConfirmSleepModeStatus
 .text.prvInitialiseTaskLists
                0x000000000800a910       0x80 Middlewares/Third_Party/FreeRTOS/Source/tasks.o
 .text.prvCheckTasksWaitingTermination
                0x000000000800a990       0x58 Middlewares/Third_Party/FreeRTOS/Source/tasks.o
 .text.prvDeleteTCB
                0x000000000800a9e8       0x5c Middlewares/Third_Party/FreeRTOS/Source/tasks.o
 .text.prvResetNextTaskUnblockTime
                0x000000000800aa44       0x40 Middlewares/Third_Party/FreeRTOS/Source/tasks.o
 .text.xTaskGetSchedulerState
                0x000000000800aa84       0x3c Middlewares/Third_Party/FreeRTOS/Source/tasks.o
                0x000000000800aa84                xTaskGetSchedulerState
 .text.xTaskPriorityDisinherit
                0x000000000800aac0       0xd8 Middlewares/Third_Party/FreeRTOS/Source/tasks.o
                0x000000000800aac0                xTaskPriorityDisinherit
 .text.prvAddCurrentTaskToDelayedList
                0x000000000800ab98       0xa8 Middlewares/Third_Party/FreeRTOS/Source/tasks.o
 .text.xTimerCreateTimerTask
                0x000000000800ac40       0x90 Middlewares/Third_Party/FreeRTOS/Source/timers.o
                0x000000000800ac40                xTimerCreateTimerTask
 .text.xTimerGenericCommand
                0x000000000800acd0       0x98 Middlewares/Third_Party/FreeRTOS/Source/timers.o
                0x000000000800acd0                xTimerGenericCommand
 .text.prvProcessExpiredTimer
                0x000000000800ad68       0x98 Middlewares/Third_Party/FreeRTOS/Source/timers.o
 .text.prvTimerTask
                0x000000000800ae00       0x24 Middlewares/Third_Party/FreeRTOS/Source/timers.o
 .text.prvProcessTimerOrBlockTask
                0x000000000800ae24       0x9c Middlewares/Third_Party/FreeRTOS/Source/timers.o
 .text.prvGetNextExpireTime
                0x000000000800aec0       0x48 Middlewares/Third_Party/FreeRTOS/Source/timers.o
 .text.prvSampleTimeNow
                0x000000000800af08       0x40 Middlewares/Third_Party/FreeRTOS/Source/timers.o
 .text.prvInsertTimerInActiveList
                0x000000000800af48       0x84 Middlewares/Third_Party/FreeRTOS/Source/timers.o
 .text.prvProcessReceivedCommands
                0x000000000800afcc      0x1b8 Middlewares/Third_Party/FreeRTOS/Source/timers.o
 .text.prvSwitchTimerLists
                0x000000000800b184       0xc8 Middlewares/Third_Party/FreeRTOS/Source/timers.o
 .text.prvCheckForValidListAndQueue
                0x000000000800b24c       0x80 Middlewares/Third_Party/FreeRTOS/Source/timers.o
 .text.pxPortInitialiseStack
                0x000000000800b2cc       0x68 Middlewares/Third_Party/FreeRTOS/Source/portable/GCC/ARM_CM4F/port.o
                0x000000000800b2cc                pxPortInitialiseStack
 .text.prvTaskExitError
                0x000000000800b334       0x54 Middlewares/Third_Party/FreeRTOS/Source/portable/GCC/ARM_CM4F/port.o
 *fill*         0x000000000800b388        0x8 
 .text.SVC_Handler
                0x000000000800b390       0x28 Middlewares/Third_Party/FreeRTOS/Source/portable/GCC/ARM_CM4F/port.o
                0x000000000800b390                SVC_Handler
 .text.prvPortStartFirstTask
                0x000000000800b3b8       0x28 Middlewares/Third_Party/FreeRTOS/Source/portable/GCC/ARM_CM4F/port.o
 .text.xPortStartScheduler
                0x000000000800b3e0      0x13c Middlewares/Third_Party/FreeRTOS/Source/portable/GCC/ARM_CM4F/port.o
                0x000000000800b3e0                xPortStartScheduler
 .text.vPortEnterCritical
                0x000000000800b51c       0x5c Middlewares/Third_Party/FreeRTOS/Source/portable/GCC/ARM_CM4F/port.o
                0x000000000800b51c                vPortEnterCritical
 .text.vPortExitCritical
                0x000000000800b578       0x50 Middlewares/Third_Party/FreeRTOS/Source/portable/GCC/ARM_CM4F/port.o
                0x000000000800b578                vPortExitCritical
 *fill*         0x000000000800b5c8        0x8 
 .text.PendSV_Handler
                0x000000000800b5d0       0x68 Middlewares/Third_Party/FreeRTOS/Source/portable/GCC/ARM_CM4F/port.o
                0x000000000800b5d0                PendSV_Handler
 .text.xPortSysTickHandler
                0x000000000800b638       0x40 Middlewares/Third_Party/FreeRTOS/Source/portable/GCC/ARM_CM4F/port.o
                0x000000000800b638                xPortSysTickHandler
 .text.vPortSuppressTicksAndSleep
                0x000000000800b678      0x198 Middlewares/Third_Party/FreeRTOS/Source/portable/GCC/ARM_CM4F/port.o
                0x000000000800b678                vPortSuppressTicksAndSleep
 .text.vPortSetupTimerInterrupt
                0x000000000800b810       0x78 Middlewares/Third_Party/FreeRTOS/Source/portable/GCC/ARM_CM4F/port.o
                0x000000000800b810                vPortSetupTimerInterrupt
 .text.vPortEnableVFP
                0x000000000800b888       0x14 Middlewares/Third_Party/FreeRTOS/Source/portable/GCC/ARM_CM4F/port.o
 .text.vPortValidateInterruptPriority
                0x000000000800b89c       0x7c Middlewares/Third_Party/FreeRTOS/Source/portable/GCC/ARM_CM4F/port.o
                0x000000000800b89c                vPortValidateInterruptPriority
 .text.pvPortMalloc
                0x000000000800b918      0x184 Middlewares/Third_Party/FreeRTOS/Source/portable/MemMang/heap_4.o
                0x000000000800b918                pvPortMalloc
 .text.vPortFree
                0x000000000800ba9c       0xb0 Middlewares/Third_Party/FreeRTOS/Source/portable/MemMang/heap_4.o
                0x000000000800ba9c                vPortFree
 .text.prvHeapInit
                0x000000000800bb4c       0xc4 Middlewares/Third_Party/FreeRTOS/Source/portable/MemMang/heap_4.o
 .text.prvInsertBlockIntoFreeList
                0x000000000800bc10       0xb4 Middlewares/Third_Party/FreeRTOS/Source/portable/MemMang/heap_4.o
 .text.MX_USB_HOST_Init
                0x000000000800bcc4       0x4c USB_HOST/App/usb_host.o
                0x000000000800bcc4                MX_USB_HOST_Init
 .text.USBH_UserProcess
                0x000000000800bd10       0x5c USB_HOST/App/usb_host.o
 .text.HAL_HCD_MspInit
                0x000000000800bd6c       0xc4 USB_HOST/Target/usbh_conf.o
                0x000000000800bd6c                HAL_HCD_MspInit
 .text.HAL_HCD_SOF_Callback
                0x000000000800be30       0x1c USB_HOST/Target/usbh_conf.o
                0x000000000800be30                HAL_HCD_SOF_Callback
 .text.HAL_HCD_Connect_Callback
                0x000000000800be4c       0x1c USB_HOST/Target/usbh_conf.o
                0x000000000800be4c                HAL_HCD_Connect_Callback
 .text.HAL_HCD_Disconnect_Callback
                0x000000000800be68       0x1c USB_HOST/Target/usbh_conf.o
                0x000000000800be68                HAL_HCD_Disconnect_Callback
 .text.HAL_HCD_HC_NotifyURBChange_Callback
                0x000000000800be84       0x24 USB_HOST/Target/usbh_conf.o
                0x000000000800be84                HAL_HCD_HC_NotifyURBChange_Callback
 .text.HAL_HCD_PortEnabled_Callback
                0x000000000800bea8       0x1c USB_HOST/Target/usbh_conf.o
                0x000000000800bea8                HAL_HCD_PortEnabled_Callback
 .text.HAL_HCD_PortDisabled_Callback
                0x000000000800bec4       0x1c USB_HOST/Target/usbh_conf.o
                0x000000000800bec4                HAL_HCD_PortDisabled_Callback
 .text.USBH_LL_Init
                0x000000000800bee0       0x78 USB_HOST/Target/usbh_conf.o
                0x000000000800bee0                USBH_LL_Init
 .text.USBH_LL_Start
                0x000000000800bf58       0x36 USB_HOST/Target/usbh_conf.o
                0x000000000800bf58                USBH_LL_Start
 .text.USBH_LL_Stop
                0x000000000800bf8e       0x36 USB_HOST/Target/usbh_conf.o
                0x000000000800bf8e                USBH_LL_Stop
 .text.USBH_LL_GetSpeed
                0x000000000800bfc4       0x4a USB_HOST/Target/usbh_conf.o
                0x000000000800bfc4                USBH_LL_GetSpeed
 .text.USBH_LL_ResetPort
                0x000000000800c00e       0x36 USB_HOST/Target/usbh_conf.o
                0x000000000800c00e                USBH_LL_ResetPort
 .text.USBH_LL_GetLastXferSize
                0x000000000800c044       0x26 USB_HOST/Target/usbh_conf.o
                0x000000000800c044                USBH_LL_GetLastXferSize
 .text.USBH_LL_OpenPipe
                0x000000000800c06a       0x5e USB_HOST/Target/usbh_conf.o
                0x000000000800c06a                USBH_LL_OpenPipe
 .text.USBH_LL_ClosePipe
                0x000000000800c0c8       0x3e USB_HOST/Target/usbh_conf.o
                0x000000000800c0c8                USBH_LL_ClosePipe
 .text.USBH_LL_SubmitURB
                0x000000000800c106       0x62 USB_HOST/Target/usbh_conf.o
                0x000000000800c106                USBH_LL_SubmitURB
 .text.USBH_LL_GetURBState
                0x000000000800c168       0x26 USB_HOST/Target/usbh_conf.o
                0x000000000800c168                USBH_LL_GetURBState
 .text.USBH_LL_DriverVBUS
                0x000000000800c18e       0x2e USB_HOST/Target/usbh_conf.o
                0x000000000800c18e                USBH_LL_DriverVBUS
 .text.USBH_LL_SetToggle
                0x000000000800c1bc       0x66 USB_HOST/Target/usbh_conf.o
                0x000000000800c1bc                USBH_LL_SetToggle
 .text.USBH_Delay
                0x000000000800c222       0x16 USB_HOST/Target/usbh_conf.o
                0x000000000800c222                USBH_Delay
 .text.USBH_Get_USB_Status
                0x000000000800c238       0x58 USB_HOST/Target/usbh_conf.o
                0x000000000800c238                USBH_Get_USB_Status
 .text.MX_DriverVbusFS
                0x000000000800c290       0x38 USB_HOST/Target/usbh_platform.o
                0x000000000800c290                MX_DriverVbusFS
 .text.__errno  0x000000000800c2c8        0xc d:/st/stm32cubeide_1.3.0/stm32cubeide/plugins/com.st.stm32cube.ide.mcu.externaltools.gnu-tools-for-stm32.7-2018-q2-update.win32_1.0.0.201904181610/tools/bin/../lib/gcc/arm-none-eabi/7.3.1/../../../../arm-none-eabi/lib/thumb/v7e-m/fpv4-sp/hard\libc_nano.a(lib_a-errno.o)
                0x000000000800c2c8                __errno
 .text.__libc_init_array
                0x000000000800c2d4       0x48 d:/st/stm32cubeide_1.3.0/stm32cubeide/plugins/com.st.stm32cube.ide.mcu.externaltools.gnu-tools-for-stm32.7-2018-q2-update.win32_1.0.0.201904181610/tools/bin/../lib/gcc/arm-none-eabi/7.3.1/../../../../arm-none-eabi/lib/thumb/v7e-m/fpv4-sp/hard\libc_nano.a(lib_a-init.o)
                0x000000000800c2d4                __libc_init_array
 .text.malloc   0x000000000800c31c       0x10 d:/st/stm32cubeide_1.3.0/stm32cubeide/plugins/com.st.stm32cube.ide.mcu.externaltools.gnu-tools-for-stm32.7-2018-q2-update.win32_1.0.0.201904181610/tools/bin/../lib/gcc/arm-none-eabi/7.3.1/../../../../arm-none-eabi/lib/thumb/v7e-m/fpv4-sp/hard\libc_nano.a(lib_a-malloc.o)
                0x000000000800c31c                malloc
 .text.free     0x000000000800c32c       0x10 d:/st/stm32cubeide_1.3.0/stm32cubeide/plugins/com.st.stm32cube.ide.mcu.externaltools.gnu-tools-for-stm32.7-2018-q2-update.win32_1.0.0.201904181610/tools/bin/../lib/gcc/arm-none-eabi/7.3.1/../../../../arm-none-eabi/lib/thumb/v7e-m/fpv4-sp/hard\libc_nano.a(lib_a-malloc.o)
                0x000000000800c32c                free
 .text.memcpy   0x000000000800c33c       0x16 d:/st/stm32cubeide_1.3.0/stm32cubeide/plugins/com.st.stm32cube.ide.mcu.externaltools.gnu-tools-for-stm32.7-2018-q2-update.win32_1.0.0.201904181610/tools/bin/../lib/gcc/arm-none-eabi/7.3.1/../../../../arm-none-eabi/lib/thumb/v7e-m/fpv4-sp/hard\libc_nano.a(lib_a-memcpy-stub.o)
                0x000000000800c33c                memcpy
 .text.memset   0x000000000800c352       0x10 d:/st/stm32cubeide_1.3.0/stm32cubeide/plugins/com.st.stm32cube.ide.mcu.externaltools.gnu-tools-for-stm32.7-2018-q2-update.win32_1.0.0.201904181610/tools/bin/../lib/gcc/arm-none-eabi/7.3.1/../../../../arm-none-eabi/lib/thumb/v7e-m/fpv4-sp/hard\libc_nano.a(lib_a-memset.o)
                0x000000000800c352                memset
 *fill*         0x000000000800c362        0x2 
 .text._free_r  0x000000000800c364       0x9c d:/st/stm32cubeide_1.3.0/stm32cubeide/plugins/com.st.stm32cube.ide.mcu.externaltools.gnu-tools-for-stm32.7-2018-q2-update.win32_1.0.0.201904181610/tools/bin/../lib/gcc/arm-none-eabi/7.3.1/../../../../arm-none-eabi/lib/thumb/v7e-m/fpv4-sp/hard\libc_nano.a(lib_a-nano-freer.o)
                0x000000000800c364                _free_r
 .text._malloc_r
                0x000000000800c400       0xb4 d:/st/stm32cubeide_1.3.0/stm32cubeide/plugins/com.st.stm32cube.ide.mcu.externaltools.gnu-tools-for-stm32.7-2018-q2-update.win32_1.0.0.201904181610/tools/bin/../lib/gcc/arm-none-eabi/7.3.1/../../../../arm-none-eabi/lib/thumb/v7e-m/fpv4-sp/hard\libc_nano.a(lib_a-nano-mallocr.o)
                0x000000000800c400                _malloc_r
 .text._sbrk_r  0x000000000800c4b4       0x20 d:/st/stm32cubeide_1.3.0/stm32cubeide/plugins/com.st.stm32cube.ide.mcu.externaltools.gnu-tools-for-stm32.7-2018-q2-update.win32_1.0.0.201904181610/tools/bin/../lib/gcc/arm-none-eabi/7.3.1/../../../../arm-none-eabi/lib/thumb/v7e-m/fpv4-sp/hard\libc_nano.a(lib_a-sbrkr.o)
                0x000000000800c4b4                _sbrk_r
 .text.__malloc_lock
                0x000000000800c4d4        0x2 d:/st/stm32cubeide_1.3.0/stm32cubeide/plugins/com.st.stm32cube.ide.mcu.externaltools.gnu-tools-for-stm32.7-2018-q2-update.win32_1.0.0.201904181610/tools/bin/../lib/gcc/arm-none-eabi/7.3.1/../../../../arm-none-eabi/lib/thumb/v7e-m/fpv4-sp/hard\libc_nano.a(lib_a-mlock.o)
                0x000000000800c4d4                __malloc_lock
 .text.__malloc_unlock
                0x000000000800c4d6        0x2 d:/st/stm32cubeide_1.3.0/stm32cubeide/plugins/com.st.stm32cube.ide.mcu.externaltools.gnu-tools-for-stm32.7-2018-q2-update.win32_1.0.0.201904181610/tools/bin/../lib/gcc/arm-none-eabi/7.3.1/../../../../arm-none-eabi/lib/thumb/v7e-m/fpv4-sp/hard\libc_nano.a(lib_a-mlock.o)
                0x000000000800c4d6                __malloc_unlock
 *(.glue_7)
 .glue_7        0x000000000800c4d8        0x0 linker stubs
 *(.glue_7t)
 .glue_7t       0x000000000800c4d8        0x0 linker stubs
 *(.eh_frame)
 .eh_frame      0x000000000800c4d8        0x0 d:/st/stm32cubeide_1.3.0/stm32cubeide/plugins/com.st.stm32cube.ide.mcu.externaltools.gnu-tools-for-stm32.7-2018-q2-update.win32_1.0.0.201904181610/tools/bin/../lib/gcc/arm-none-eabi/7.3.1/thumb/v7e-m/fpv4-sp/hard/crtbegin.o
 *(.init)
 .init          0x000000000800c4d8        0x4 d:/st/stm32cubeide_1.3.0/stm32cubeide/plugins/com.st.stm32cube.ide.mcu.externaltools.gnu-tools-for-stm32.7-2018-q2-update.win32_1.0.0.201904181610/tools/bin/../lib/gcc/arm-none-eabi/7.3.1/thumb/v7e-m/fpv4-sp/hard/crti.o
                0x000000000800c4d8                _init
 .init          0x000000000800c4dc        0x8 d:/st/stm32cubeide_1.3.0/stm32cubeide/plugins/com.st.stm32cube.ide.mcu.externaltools.gnu-tools-for-stm32.7-2018-q2-update.win32_1.0.0.201904181610/tools/bin/../lib/gcc/arm-none-eabi/7.3.1/thumb/v7e-m/fpv4-sp/hard/crtn.o
 *(.fini)
 .fini          0x000000000800c4e4        0x4 d:/st/stm32cubeide_1.3.0/stm32cubeide/plugins/com.st.stm32cube.ide.mcu.externaltools.gnu-tools-for-stm32.7-2018-q2-update.win32_1.0.0.201904181610/tools/bin/../lib/gcc/arm-none-eabi/7.3.1/thumb/v7e-m/fpv4-sp/hard/crti.o
                0x000000000800c4e4                _fini
 .fini          0x000000000800c4e8        0x8 d:/st/stm32cubeide_1.3.0/stm32cubeide/plugins/com.st.stm32cube.ide.mcu.externaltools.gnu-tools-for-stm32.7-2018-q2-update.win32_1.0.0.201904181610/tools/bin/../lib/gcc/arm-none-eabi/7.3.1/thumb/v7e-m/fpv4-sp/hard/crtn.o
                0x000000000800c4f0                . = ALIGN (0x4)
                0x000000000800c4f0                _etext = .

.vfp11_veneer   0x000000000800c4f0        0x0
 .vfp11_veneer  0x000000000800c4f0        0x0 linker stubs

.v4_bx          0x000000000800c4f0        0x0
 .v4_bx         0x000000000800c4f0        0x0 linker stubs

.iplt           0x000000000800c4f0        0x0
 .iplt          0x000000000800c4f0        0x0 d:/st/stm32cubeide_1.3.0/stm32cubeide/plugins/com.st.stm32cube.ide.mcu.externaltools.gnu-tools-for-stm32.7-2018-q2-update.win32_1.0.0.201904181610/tools/bin/../lib/gcc/arm-none-eabi/7.3.1/thumb/v7e-m/fpv4-sp/hard/crtbegin.o

.rodata         0x000000000800c4f0      0x188
                0x000000000800c4f0                . = ALIGN (0x4)
 *(.rodata)
 .rodata        0x000000000800c4f0       0x63 Core/Src/main.o
 *fill*         0x000000000800c553        0x1 
 .rodata        0x000000000800c554        0x4 Middlewares/ST/STM32_USB_Host_Library/Class/CDC/Src/usbh_cdc.o
 .rodata        0x000000000800c558        0xb Middlewares/ST/STM32_USB_Host_Library/Core/Src/usbh_core.o
 *fill*         0x000000000800c563        0x1 
 .rodata        0x000000000800c564        0x5 Middlewares/Third_Party/FreeRTOS/Source/tasks.o
 *fill*         0x000000000800c569        0x3 
 .rodata        0x000000000800c56c        0xd Middlewares/Third_Party/FreeRTOS/Source/timers.o
 *(.rodata*)
 *fill*         0x000000000800c579        0x3 
 .rodata.defaultTask_attributes
                0x000000000800c57c       0x24 Core/Src/main.o
                0x000000000800c57c                defaultTask_attributes
 .rodata.myTaskSensor1_attributes
                0x000000000800c5a0       0x24 Core/Src/main.o
                0x000000000800c5a0                myTaskSensor1_attributes
 .rodata.myTaskLoRa_attributes
                0x000000000800c5c4       0x24 Core/Src/main.o
                0x000000000800c5c4                myTaskLoRa_attributes
 .rodata.myTaskSensor2_attributes
                0x000000000800c5e8       0x24 Core/Src/main.o
                0x000000000800c5e8                myTaskSensor2_attributes
 .rodata.myTaskLEDs_attributes
                0x000000000800c60c       0x24 Core/Src/main.o
                0x000000000800c60c                myTaskLEDs_attributes
 .rodata.myQueueSensor1_attributes
                0x000000000800c630       0x18 Core/Src/main.o
                0x000000000800c630                myQueueSensor1_attributes
 .rodata.myQueueSensor2_attributes
                0x000000000800c648       0x18 Core/Src/main.o
                0x000000000800c648                myQueueSensor2_attributes
 .rodata.AHBPrescTable
                0x000000000800c660       0x10 Core/Src/system_stm32f4xx.o
                0x000000000800c660                AHBPrescTable
 .rodata.APBPrescTable
                0x000000000800c670        0x8 Core/Src/system_stm32f4xx.o
                0x000000000800c670                APBPrescTable
                0x000000000800c678                . = ALIGN (0x4)

.ARM.extab      0x000000000800c678        0x0
                0x000000000800c678                . = ALIGN (0x4)
 *(.ARM.extab* .gnu.linkonce.armextab.*)
                0x000000000800c678                . = ALIGN (0x4)

.ARM            0x000000000800c678        0x8
                0x000000000800c678                . = ALIGN (0x4)
                0x000000000800c678                __exidx_start = .
 *(.ARM.exidx*)
 .ARM.exidx     0x000000000800c678        0x8 d:/st/stm32cubeide_1.3.0/stm32cubeide/plugins/com.st.stm32cube.ide.mcu.externaltools.gnu-tools-for-stm32.7-2018-q2-update.win32_1.0.0.201904181610/tools/bin/../lib/gcc/arm-none-eabi/7.3.1/thumb/v7e-m/fpv4-sp/hard\libgcc.a(_udivmoddi4.o)
                0x000000000800c680                __exidx_end = .
                0x000000000800c680                . = ALIGN (0x4)

.rel.dyn        0x000000000800c680        0x0
 .rel.iplt      0x000000000800c680        0x0 d:/st/stm32cubeide_1.3.0/stm32cubeide/plugins/com.st.stm32cube.ide.mcu.externaltools.gnu-tools-for-stm32.7-2018-q2-update.win32_1.0.0.201904181610/tools/bin/../lib/gcc/arm-none-eabi/7.3.1/thumb/v7e-m/fpv4-sp/hard/crtbegin.o

.preinit_array  0x000000000800c680        0x0
                0x000000000800c680                . = ALIGN (0x4)
                0x000000000800c680                PROVIDE (__preinit_array_start = .)
 *(.preinit_array*)
                0x000000000800c680                PROVIDE (__preinit_array_end = .)
                0x000000000800c680                . = ALIGN (0x4)

.init_array     0x000000000800c680        0x4
                0x000000000800c680                . = ALIGN (0x4)
                0x000000000800c680                PROVIDE (__init_array_start = .)
 *(SORT_BY_NAME(.init_array.*))
 *(.init_array*)
 .init_array    0x000000000800c680        0x4 d:/st/stm32cubeide_1.3.0/stm32cubeide/plugins/com.st.stm32cube.ide.mcu.externaltools.gnu-tools-for-stm32.7-2018-q2-update.win32_1.0.0.201904181610/tools/bin/../lib/gcc/arm-none-eabi/7.3.1/thumb/v7e-m/fpv4-sp/hard/crtbegin.o
                0x000000000800c684                PROVIDE (__init_array_end = .)
                0x000000000800c684                . = ALIGN (0x4)

.fini_array     0x000000000800c684        0x4
                0x000000000800c684                . = ALIGN (0x4)
                [!provide]                        PROVIDE (__fini_array_start = .)
 *(SORT_BY_NAME(.fini_array.*))
 *(.fini_array*)
 .fini_array    0x000000000800c684        0x4 d:/st/stm32cubeide_1.3.0/stm32cubeide/plugins/com.st.stm32cube.ide.mcu.externaltools.gnu-tools-for-stm32.7-2018-q2-update.win32_1.0.0.201904181610/tools/bin/../lib/gcc/arm-none-eabi/7.3.1/thumb/v7e-m/fpv4-sp/hard/crtbegin.o
                [!provide]                        PROVIDE (__fini_array_end = .)
                0x000000000800c688                . = ALIGN (0x4)
                0x000000000800c688                _sidata = LOADADDR (.data)

.data           0x0000000020000000      0x134 load address 0x000000000800c688
                0x0000000020000000                . = ALIGN (0x4)
                0x0000000020000000                _sdata = .
 *(.data)
 *(.data*)
 .data.trans_sensor
                0x0000000020000000       0xa0 Core/Src/fsm_sensor.o
                0x0000000020000000                trans_sensor
 .data.SystemCoreClock
                0x00000000200000a0        0x4 Core/Src/system_stm32f4xx.o
                0x00000000200000a0                SystemCoreClock
 .data.uwTickPrio
                0x00000000200000a4        0x4 Drivers/STM32F4xx_HAL_Driver/Src/stm32f4xx_hal.o
                0x00000000200000a4                uwTickPrio
 .data.uwTickFreq
                0x00000000200000a8        0x1 Drivers/STM32F4xx_HAL_Driver/Src/stm32f4xx_hal.o
                0x00000000200000a8                uwTickFreq
 *fill*         0x00000000200000a9        0x3 
 .data.CDC_Class
                0x00000000200000ac       0x20 Middlewares/ST/STM32_USB_Host_Library/Class/CDC/Src/usbh_cdc.o
                0x00000000200000ac                CDC_Class
 .data.uxCriticalNesting
                0x00000000200000cc        0x4 Middlewares/Third_Party/FreeRTOS/Source/portable/GCC/ARM_CM4F/port.o
 .data._impure_ptr
                0x00000000200000d0        0x4 d:/st/stm32cubeide_1.3.0/stm32cubeide/plugins/com.st.stm32cube.ide.mcu.externaltools.gnu-tools-for-stm32.7-2018-q2-update.win32_1.0.0.201904181610/tools/bin/../lib/gcc/arm-none-eabi/7.3.1/../../../../arm-none-eabi/lib/thumb/v7e-m/fpv4-sp/hard\libc_nano.a(lib_a-impure.o)
                0x00000000200000d0                _impure_ptr
 .data.impure_data
                0x00000000200000d4       0x60 d:/st/stm32cubeide_1.3.0/stm32cubeide/plugins/com.st.stm32cube.ide.mcu.externaltools.gnu-tools-for-stm32.7-2018-q2-update.win32_1.0.0.201904181610/tools/bin/../lib/gcc/arm-none-eabi/7.3.1/../../../../arm-none-eabi/lib/thumb/v7e-m/fpv4-sp/hard\libc_nano.a(lib_a-impure.o)
                0x0000000020000134                . = ALIGN (0x4)
                0x0000000020000134                _edata = .

.igot.plt       0x0000000020000134        0x0 load address 0x000000000800c7bc
 .igot.plt      0x0000000020000134        0x0 d:/st/stm32cubeide_1.3.0/stm32cubeide/plugins/com.st.stm32cube.ide.mcu.externaltools.gnu-tools-for-stm32.7-2018-q2-update.win32_1.0.0.201904181610/tools/bin/../lib/gcc/arm-none-eabi/7.3.1/thumb/v7e-m/fpv4-sp/hard/crtbegin.o
                0x0000000020000134                . = ALIGN (0x4)

.bss            0x0000000020000134     0x5224 load address 0x000000000800c7bc
                0x0000000020000134                _sbss = .
                0x0000000020000134                __bss_start__ = _sbss
 *(.bss)
 .bss           0x0000000020000134       0x1c d:/st/stm32cubeide_1.3.0/stm32cubeide/plugins/com.st.stm32cube.ide.mcu.externaltools.gnu-tools-for-stm32.7-2018-q2-update.win32_1.0.0.201904181610/tools/bin/../lib/gcc/arm-none-eabi/7.3.1/thumb/v7e-m/fpv4-sp/hard/crtbegin.o
 *(.bss*)
 .bss.heap_end.6424
                0x0000000020000150        0x4 Core/Src/sysmem.o
 .bss.tmpreg.8569
                0x0000000020000154        0x4 Drivers/STM32F4xx_HAL_Driver/Src/stm32f4xx_ll_usb.o
 .bss.KernelState
                0x0000000020000158        0x4 Middlewares/Third_Party/FreeRTOS/Source/CMSIS_RTOS_V2/cmsis_os2.o
 .bss.Idle_TCB  0x000000002000015c       0x5c Middlewares/Third_Party/FreeRTOS/Source/CMSIS_RTOS_V2/cmsis_os2.o
 .bss.Idle_Stack
                0x00000000200001b8      0x200 Middlewares/Third_Party/FreeRTOS/Source/CMSIS_RTOS_V2/cmsis_os2.o
 .bss.Timer_TCB
                0x00000000200003b8       0x5c Middlewares/Third_Party/FreeRTOS/Source/CMSIS_RTOS_V2/cmsis_os2.o
 .bss.Timer_Stack
                0x0000000020000414      0x400 Middlewares/Third_Party/FreeRTOS/Source/CMSIS_RTOS_V2/cmsis_os2.o
 .bss.pxCurrentTCB
                0x0000000020000814        0x4 Middlewares/Third_Party/FreeRTOS/Source/tasks.o
                0x0000000020000814                pxCurrentTCB
 .bss.pxReadyTasksLists
                0x0000000020000818      0x460 Middlewares/Third_Party/FreeRTOS/Source/tasks.o
 .bss.xDelayedTaskList1
                0x0000000020000c78       0x14 Middlewares/Third_Party/FreeRTOS/Source/tasks.o
 .bss.xDelayedTaskList2
                0x0000000020000c8c       0x14 Middlewares/Third_Party/FreeRTOS/Source/tasks.o
 .bss.pxDelayedTaskList
                0x0000000020000ca0        0x4 Middlewares/Third_Party/FreeRTOS/Source/tasks.o
 .bss.pxOverflowDelayedTaskList
                0x0000000020000ca4        0x4 Middlewares/Third_Party/FreeRTOS/Source/tasks.o
 .bss.xPendingReadyList
                0x0000000020000ca8       0x14 Middlewares/Third_Party/FreeRTOS/Source/tasks.o
 .bss.xTasksWaitingTermination
                0x0000000020000cbc       0x14 Middlewares/Third_Party/FreeRTOS/Source/tasks.o
 .bss.uxDeletedTasksWaitingCleanUp
                0x0000000020000cd0        0x4 Middlewares/Third_Party/FreeRTOS/Source/tasks.o
 .bss.xSuspendedTaskList
                0x0000000020000cd4       0x14 Middlewares/Third_Party/FreeRTOS/Source/tasks.o
 .bss.uxCurrentNumberOfTasks
                0x0000000020000ce8        0x4 Middlewares/Third_Party/FreeRTOS/Source/tasks.o
 .bss.xTickCount
                0x0000000020000cec        0x4 Middlewares/Third_Party/FreeRTOS/Source/tasks.o
 .bss.uxTopReadyPriority
                0x0000000020000cf0        0x4 Middlewares/Third_Party/FreeRTOS/Source/tasks.o
 .bss.xSchedulerRunning
                0x0000000020000cf4        0x4 Middlewares/Third_Party/FreeRTOS/Source/tasks.o
 .bss.uxPendedTicks
                0x0000000020000cf8        0x4 Middlewares/Third_Party/FreeRTOS/Source/tasks.o
 .bss.xYieldPending
                0x0000000020000cfc        0x4 Middlewares/Third_Party/FreeRTOS/Source/tasks.o
 .bss.xNumOfOverflows
                0x0000000020000d00        0x4 Middlewares/Third_Party/FreeRTOS/Source/tasks.o
 .bss.uxTaskNumber
                0x0000000020000d04        0x4 Middlewares/Third_Party/FreeRTOS/Source/tasks.o
 .bss.xNextTaskUnblockTime
                0x0000000020000d08        0x4 Middlewares/Third_Party/FreeRTOS/Source/tasks.o
 .bss.xIdleTaskHandle
                0x0000000020000d0c        0x4 Middlewares/Third_Party/FreeRTOS/Source/tasks.o
 .bss.uxSchedulerSuspended
                0x0000000020000d10        0x4 Middlewares/Third_Party/FreeRTOS/Source/tasks.o
 .bss.xActiveTimerList1
                0x0000000020000d14       0x14 Middlewares/Third_Party/FreeRTOS/Source/timers.o
 .bss.xActiveTimerList2
                0x0000000020000d28       0x14 Middlewares/Third_Party/FreeRTOS/Source/timers.o
 .bss.pxCurrentTimerList
                0x0000000020000d3c        0x4 Middlewares/Third_Party/FreeRTOS/Source/timers.o
 .bss.pxOverflowTimerList
                0x0000000020000d40        0x4 Middlewares/Third_Party/FreeRTOS/Source/timers.o
 .bss.xTimerQueue
                0x0000000020000d44        0x4 Middlewares/Third_Party/FreeRTOS/Source/timers.o
 .bss.xTimerTaskHandle
                0x0000000020000d48        0x4 Middlewares/Third_Party/FreeRTOS/Source/timers.o
 .bss.xLastTime.6747
                0x0000000020000d4c        0x4 Middlewares/Third_Party/FreeRTOS/Source/timers.o
 .bss.ucStaticTimerQueueStorage.6798
                0x0000000020000d50       0xa0 Middlewares/Third_Party/FreeRTOS/Source/timers.o
 .bss.xStaticTimerQueue.6797
                0x0000000020000df0       0x50 Middlewares/Third_Party/FreeRTOS/Source/timers.o
 .bss.ulTimerCountsForOneTick
                0x0000000020000e40        0x4 Middlewares/Third_Party/FreeRTOS/Source/portable/GCC/ARM_CM4F/port.o
 .bss.xMaximumPossibleSuppressedTicks
                0x0000000020000e44        0x4 Middlewares/Third_Party/FreeRTOS/Source/portable/GCC/ARM_CM4F/port.o
 .bss.ulStoppedTimerCompensation
                0x0000000020000e48        0x4 Middlewares/Third_Party/FreeRTOS/Source/portable/GCC/ARM_CM4F/port.o
 .bss.ucMaxSysCallPriority
                0x0000000020000e4c        0x1 Middlewares/Third_Party/FreeRTOS/Source/portable/GCC/ARM_CM4F/port.o
 *fill*         0x0000000020000e4d        0x3 
 .bss.ulMaxPRIGROUPValue
                0x0000000020000e50        0x4 Middlewares/Third_Party/FreeRTOS/Source/portable/GCC/ARM_CM4F/port.o
 .bss.ucHeap    0x0000000020000e54     0x3c00 Middlewares/Third_Party/FreeRTOS/Source/portable/MemMang/heap_4.o
 .bss.xStart    0x0000000020004a54        0x8 Middlewares/Third_Party/FreeRTOS/Source/portable/MemMang/heap_4.o
 .bss.pxEnd     0x0000000020004a5c        0x4 Middlewares/Third_Party/FreeRTOS/Source/portable/MemMang/heap_4.o
 .bss.xFreeBytesRemaining
                0x0000000020004a60        0x4 Middlewares/Third_Party/FreeRTOS/Source/portable/MemMang/heap_4.o
 .bss.xMinimumEverFreeBytesRemaining
                0x0000000020004a64        0x4 Middlewares/Third_Party/FreeRTOS/Source/portable/MemMang/heap_4.o
 .bss.xBlockAllocatedBit
                0x0000000020004a68        0x4 Middlewares/Third_Party/FreeRTOS/Source/portable/MemMang/heap_4.o
 .bss.Appli_state
                0x0000000020004a6c        0x1 USB_HOST/App/usb_host.o
                0x0000000020004a6c                Appli_state
 *fill*         0x0000000020004a6d        0x3 
 .bss.__malloc_free_list
                0x0000000020004a70        0x4 d:/st/stm32cubeide_1.3.0/stm32cubeide/plugins/com.st.stm32cube.ide.mcu.externaltools.gnu-tools-for-stm32.7-2018-q2-update.win32_1.0.0.201904181610/tools/bin/../lib/gcc/arm-none-eabi/7.3.1/../../../../arm-none-eabi/lib/thumb/v7e-m/fpv4-sp/hard\libc_nano.a(lib_a-nano-mallocr.o)
                0x0000000020004a70                __malloc_free_list
 .bss.__malloc_sbrk_start
                0x0000000020004a74        0x4 d:/st/stm32cubeide_1.3.0/stm32cubeide/plugins/com.st.stm32cube.ide.mcu.externaltools.gnu-tools-for-stm32.7-2018-q2-update.win32_1.0.0.201904181610/tools/bin/../lib/gcc/arm-none-eabi/7.3.1/../../../../arm-none-eabi/lib/thumb/v7e-m/fpv4-sp/hard\libc_nano.a(lib_a-nano-mallocr.o)
                0x0000000020004a74                __malloc_sbrk_start
 *(COMMON)
 COMMON         0x0000000020004a78       0x70 Core/Src/LoRa_comm.o
                0x0000000020004a78                LoRa_timer
                0x0000000020004a7c                LoRa_period
                0x0000000020004a80                data_ring_buff
 COMMON         0x0000000020004ae8       0x4c Core/Src/fsm_sensor.o
                0x0000000020004ae8                sensor_state
                0x0000000020004aec                hadc1
 COMMON         0x0000000020004b34      0x110 Core/Src/main.o
                0x0000000020004b34                myTaskLoRaHandle
                0x0000000020004b38                defaultTaskHandle
                0x0000000020004b3c                hi2c1
                0x0000000020004b90                myQueueSensor2Handle
                0x0000000020004b94                myTaskSensor1Handle
                0x0000000020004b98                hspi1
                0x0000000020004bf0                myTaskLEDsHandle
                0x0000000020004bf4                myQueueSensor1Handle
                0x0000000020004bf8                myTaskSensor2Handle
                0x0000000020004bfc                hi2s3
 COMMON         0x0000000020004c44        0x4 Drivers/STM32F4xx_HAL_Driver/Src/stm32f4xx_hal.o
                0x0000000020004c44                uwTick
 COMMON         0x0000000020004c48       0x24 Middlewares/ST/STM32_USB_Host_Library/Core/Src/usbh_core.o
                0x0000000020004c48                USBH_Thread_Atrr
 COMMON         0x0000000020004c6c       0x40 Middlewares/Third_Party/FreeRTOS/Source/queue.o
                0x0000000020004c6c                xQueueRegistry
 COMMON         0x0000000020004cac      0x3e4 USB_HOST/App/usb_host.o
                0x0000000020004cac                hUsbHostFS
 COMMON         0x0000000020005090      0x2c4 USB_HOST/Target/usbh_conf.o
                0x0000000020005090                hhcd_USB_OTG_FS
 COMMON         0x0000000020005354        0x4 d:/st/stm32cubeide_1.3.0/stm32cubeide/plugins/com.st.stm32cube.ide.mcu.externaltools.gnu-tools-for-stm32.7-2018-q2-update.win32_1.0.0.201904181610/tools/bin/../lib/gcc/arm-none-eabi/7.3.1/../../../../arm-none-eabi/lib/thumb/v7e-m/fpv4-sp/hard\libc_nano.a(lib_a-reent.o)
                0x0000000020005354                errno
                0x0000000020005358                . = ALIGN (0x4)
                0x0000000020005358                _ebss = .
                0x0000000020005358                __bss_end__ = _ebss

._user_heap_stack
                0x0000000020005358      0x600 load address 0x000000000800c7bc
                0x0000000020005358                . = ALIGN (0x8)
                0x0000000020005358                PROVIDE (end = .)
                [!provide]                        PROVIDE (_end = .)
                0x0000000020005558                . = (. + _Min_Heap_Size)
 *fill*         0x0000000020005358      0x200 
                0x0000000020005958                . = (. + _Min_Stack_Size)
 *fill*         0x0000000020005558      0x400 
                0x0000000020005958                . = ALIGN (0x8)

/DISCARD/
 libc.a(*)
 libm.a(*)
 libgcc.a(*)

.ARM.attributes
                0x0000000000000000       0x30
 *(.ARM.attributes)
 .ARM.attributes
                0x0000000000000000       0x22 d:/st/stm32cubeide_1.3.0/stm32cubeide/plugins/com.st.stm32cube.ide.mcu.externaltools.gnu-tools-for-stm32.7-2018-q2-update.win32_1.0.0.201904181610/tools/bin/../lib/gcc/arm-none-eabi/7.3.1/thumb/v7e-m/fpv4-sp/hard/crti.o
 .ARM.attributes
                0x0000000000000022       0x34 d:/st/stm32cubeide_1.3.0/stm32cubeide/plugins/com.st.stm32cube.ide.mcu.externaltools.gnu-tools-for-stm32.7-2018-q2-update.win32_1.0.0.201904181610/tools/bin/../lib/gcc/arm-none-eabi/7.3.1/thumb/v7e-m/fpv4-sp/hard/crtbegin.o
 .ARM.attributes
                0x0000000000000056       0x39 Core/Src/LoRa_comm.o
 .ARM.attributes
                0x000000000000008f       0x39 Core/Src/freertos.o
 .ARM.attributes
                0x00000000000000c8       0x39 Core/Src/fsm.o
 .ARM.attributes
                0x0000000000000101       0x39 Core/Src/fsm_sensor.o
 .ARM.attributes
                0x000000000000013a       0x39 Core/Src/main.o
 .ARM.attributes
                0x0000000000000173       0x39 Core/Src/ring_buf.o
 .ARM.attributes
                0x00000000000001ac       0x39 Core/Src/stm32f4xx_hal_msp.o
 .ARM.attributes
                0x00000000000001e5       0x39 Core/Src/stm32f4xx_it.o
 .ARM.attributes
                0x000000000000021e       0x39 Core/Src/sysmem.o
 .ARM.attributes
                0x0000000000000257       0x39 Core/Src/system_stm32f4xx.o
 .ARM.attributes
                0x0000000000000290       0x21 Core/Startup/startup_stm32f407vgtx.o
 .ARM.attributes
                0x00000000000002b1       0x39 Drivers/STM32F4xx_HAL_Driver/Src/stm32f4xx_hal.o
 .ARM.attributes
                0x00000000000002ea       0x39 Drivers/STM32F4xx_HAL_Driver/Src/stm32f4xx_hal_adc.o
 .ARM.attributes
                0x0000000000000323       0x39 Drivers/STM32F4xx_HAL_Driver/Src/stm32f4xx_hal_cortex.o
 .ARM.attributes
                0x000000000000035c       0x39 Drivers/STM32F4xx_HAL_Driver/Src/stm32f4xx_hal_gpio.o
 .ARM.attributes
                0x0000000000000395       0x39 Drivers/STM32F4xx_HAL_Driver/Src/stm32f4xx_hal_hcd.o